Component: ARM Compiler 5.06 update 6 (build 750) Tool: armlink [4d35ed]

==============================================================================

Section Cross References

    main.o(i.Delay_ms) refers to stm32f4xx_rcc.o(i.RCC_GetClocksFreq) for RCC_GetClocksFreq
    main.o(i.RCC_Configuration) refers to stm32f4xx_rcc.o(i.RCC_DeInit) for RCC_DeInit
    main.o(i.RCC_Configuration) refers to stm32f4xx_rcc.o(i.RCC_HSEConfig) for RCC_HSEConfig
    main.o(i.RCC_Configuration) refers to stm32f4xx_rcc.o(i.RCC_WaitForHSEStartUp) for RCC_WaitForHSEStartUp
    main.o(i.RCC_Configuration) refers to stm32f4xx_rcc.o(i.RCC_HCLKConfig) for RCC_HCLKConfig
    main.o(i.RCC_Configuration) refers to stm32f4xx_rcc.o(i.RCC_PCLK2Config) for RCC_PCLK2Config
    main.o(i.RCC_Configuration) refers to stm32f4xx_rcc.o(i.RCC_PCLK1Config) for RCC_PCLK1Config
    main.o(i.RCC_Configuration) refers to stm32f4xx_rcc.o(i.RCC_PLLCmd) for RCC_PLLCmd
    main.o(i.RCC_Configuration) refers to stm32f4xx_rcc.o(i.RCC_GetFlagStatus) for RCC_GetFlagStatus
    main.o(i.RCC_Configuration) refers to stm32f4xx_rcc.o(i.RCC_SYSCLKConfig) for RCC_SYSCLKConfig
    main.o(i.RCC_Configuration) refers to stm32f4xx_rcc.o(i.RCC_GetSYSCLKSource) for RCC_GetSYSCLKSource
    main.o(i.RCC_Configuration) refers to main.o(.data) for HSEStartUpStatus
    main.o(i.main) refers to stm32f4xx_rcc.o(i.RCC_GetClocksFreq) for RCC_GetClocksFreq
    main.o(i.main) refers to main.o(i.RCC_Configuration) for RCC_Configuration
    main.o(i.main) refers to stm32f4xx_rcc.o(i.RCC_AHB1PeriphClockCmd) for RCC_AHB1PeriphClockCmd
    main.o(i.main) refers to stm32f4xx_gpio.o(i.GPIO_Init) for GPIO_Init
    main.o(i.main) refers to stm32f4xx_gpio.o(i.GPIO_ToggleBits) for GPIO_ToggleBits
    main.o(i.main) refers to main.o(i.Delay_ms) for Delay_ms
    main.o(i.main) refers to main.o(.bss) for RCC_Clocks
    main.o(i.main) refers to main.o(.data) for GPIO_InitDef
    stm32f4xx_gpio.o(i.GPIO_DeInit) refers to stm32f4xx_rcc.o(i.RCC_AHB1PeriphResetCmd) for RCC_AHB1PeriphResetCmd
    stm32f4xx_rcc.o(i.RCC_GetClocksFreq) refers to stm32f4xx_rcc.o(.data) for APBAHBPrescTable
    stm32f4xx_rcc.o(i.RCC_WaitForHSEStartUp) refers to stm32f4xx_rcc.o(i.RCC_GetFlagStatus) for RCC_GetFlagStatus
    rtx_conf_cm.o(.emb_text) refers to rt_cmsis.o(i.osKernelInitialize) for osKernelInitialize
    rtx_conf_cm.o(.emb_text) refers to rt_cmsis.o(i.osThreadCreate) for osThreadCreate
    rtx_conf_cm.o(.emb_text) refers to rt_cmsis.o(i.osKernelStart) for osKernelStart
    rtx_conf_cm.o(.emb_text) refers to exit.o(.text) for exit
    rtx_conf_cm.o(.emb_text) refers to rtx_conf_cm.o(.constdata) for os_thread_def_main
    rtx_conf_cm.o(i.__user_perthread_libspace) refers to rt_task.o(i.rt_tsk_self) for rt_tsk_self
    rtx_conf_cm.o(i.__user_perthread_libspace) refers to rt_cmsis.o(.data) for os_running
    rtx_conf_cm.o(i.__user_perthread_libspace) refers to rtx_conf_cm.o(.bss) for .bss
    rtx_conf_cm.o(i.__user_perthread_libspace) refers to libspace.o(.bss) for __libspace_start
    rtx_conf_cm.o(i._mutex_acquire) refers to rt_cmsis.o(.data) for os_running
    rtx_conf_cm.o(i._mutex_acquire) refers to rt_mutex.o(i.rt_mut_wait) for rt_mut_wait
    rtx_conf_cm.o(i._mutex_initialize) refers to rt_mutex.o(i.rt_mut_init) for rt_mut_init
    rtx_conf_cm.o(i._mutex_initialize) refers to rtx_conf_cm.o(.data) for .data
    rtx_conf_cm.o(i._mutex_initialize) refers to rtx_conf_cm.o(.bss) for .bss
    rtx_conf_cm.o(i._mutex_release) refers to rt_cmsis.o(.data) for os_running
    rtx_conf_cm.o(i._mutex_release) refers to rt_mutex.o(i.rt_mut_release) for rt_mut_release
    rtx_conf_cm.o(.constdata) refers to rt_cmsis.o(i.osTimerThread) for osTimerThread
    rtx_conf_cm.o(.constdata) refers to rtx_conf_cm.o(.bss) for os_messageQ_q_osTimerMessageQ
    rtx_conf_cm.o(.constdata) refers to main.o(i.main) for main
    startup_stm32f407xx.o(STACK) refers (Special) to heapauxi.o(.text) for __use_two_region_memory
    startup_stm32f407xx.o(HEAP) refers (Special) to heapauxi.o(.text) for __use_two_region_memory
    startup_stm32f407xx.o(RESET) refers (Special) to heapauxi.o(.text) for __use_two_region_memory
    startup_stm32f407xx.o(RESET) refers to startup_stm32f407xx.o(STACK) for __initial_sp
    startup_stm32f407xx.o(RESET) refers to startup_stm32f407xx.o(.text) for Reset_Handler
    startup_stm32f407xx.o(RESET) refers to hal_cm4.o(.emb_text) for SVC_Handler
    startup_stm32f407xx.o(.text) refers (Special) to heapauxi.o(.text) for __use_two_region_memory
    startup_stm32f407xx.o(.text) refers to system_stm32f4xx.o(i.SystemInit) for SystemInit
    startup_stm32f407xx.o(.text) refers to __main.o(!!!main) for __main
    startup_stm32f407xx.o(.text) refers to startup_stm32f407xx.o(HEAP) for Heap_Mem
    startup_stm32f407xx.o(.text) refers to startup_stm32f407xx.o(STACK) for Stack_Mem
    system_stm32f4xx.o(i.SystemCoreClockUpdate) refers to system_stm32f4xx.o(.data) for SystemCoreClock
[...]
    Removing rt_cmsis.o(i.osSemaphoreDelete), (24 bytes).
    Removing rt_cmsis.o(i.osSemaphoreRelease), (24 bytes).
    Removing rt_cmsis.o(i.osSemaphoreWait), (24 bytes).
    Removing rt_cmsis.o(i.osSignalClear), (24 bytes).
    Removing rt_cmsis.o(i.osSignalSet), (24 bytes).
    Removing rt_cmsis.o(i.osSignalWait), (24 bytes).
    Removing rt_cmsis.o(i.osThreadGetId), (24 bytes).
    Removing rt_cmsis.o(i.osThreadGetPriority), (24 bytes).
    Removing rt_cmsis.o(i.osThreadSetPriority), (24 bytes).
    Removing rt_cmsis.o(i.osThreadTerminate), (24 bytes).
    Removing rt_cmsis.o(i.osThreadYield), (24 bytes).
    Removing rt_cmsis.o(i.osTimerCreate), (44 bytes).
    Removing rt_cmsis.o(i.osTimerDelete), (24 bytes).
    Removing rt_cmsis.o(i.osTimerStart), (24 bytes).
    Removing rt_cmsis.o(i.osTimerStop), (24 bytes).
    Removing rt_cmsis.o(i.osWait), (4 bytes).
    Removing rt_cmsis.o(i.os_resume), (12 bytes).
    Removing rt_cmsis.o(i.os_suspend), (12 bytes).
    Removing rt_cmsis.o(i.rt_clr_box), (24 bytes).
    Removing rt_cmsis.o(i.rt_timer_remove), (60 bytes).
    Removing rt_cmsis.o(i.svcDelay), (18 bytes).
    Removing rt_cmsis.o(i.svcKernelRunning), (12 bytes).
    Removing rt_cmsis.o(i.svcKernelSysTick), (56 bytes).
    Removing rt_cmsis.o(i.svcMailCreate), (66 bytes).
    Removing rt_cmsis.o(i.svcMessagePut), (54 bytes).
    Removing rt_cmsis.o(i.svcMutexCreate), (28 bytes).
    Removing rt_cmsis.o(i.svcMutexDelete), (26 bytes).
    Removing rt_cmsis.o(i.svcMutexRelease), (34 bytes).
    Removing rt_cmsis.o(i.svcMutexWait), (58 bytes).
    Removing rt_cmsis.o(i.svcPoolCreate), (40 bytes).
    Removing rt_cmsis.o(i.svcSemaphoreCreate), (36 bytes).
    Removing rt_cmsis.o(i.svcSemaphoreDelete), (26 bytes).
    Removing rt_cmsis.o(i.svcSemaphoreRelease), (40 bytes).
    Removing rt_cmsis.o(i.svcSemaphoreWait), (50 bytes).
    Removing rt_cmsis.o(i.svcSignalClear), (36 bytes).
    Removing rt_cmsis.o(i.svcSignalSet), (36 bytes).
    Removing rt_cmsis.o(i.svcSignalWait), (84 bytes).
    Removing rt_cmsis.o(i.svcThreadGetPriority), (18 bytes).
    Removing rt_cmsis.o(i.svcThreadSetPriority), (46 bytes).
    Removing rt_cmsis.o(i.svcThreadYield), (10 bytes).
    Removing rt_cmsis.o(i.svcTimerCreate), (56 bytes).
    Removing rt_cmsis.o(i.svcTimerDelete), (40 bytes).
    Removing rt_cmsis.o(i.svcTimerStart), (100 bytes).
    Removing rt_cmsis.o(i.svcTimerStop), (36 bytes).
    Removing rt_cmsis.o(i.sysMailAlloc), (88 bytes).
    Removing rt_cmsis.o(i.sysMailFree), (96 bytes).
    Removing rt_cmsis.o(i.sysPoolAlloc), (10 bytes).
    Removing rt_cmsis.o(i.sysPoolFree), (20 bytes).
    Removing rt_cmsis.o(i.sysUserTimerUpdate), (48 bytes).
    Removing rt_cmsis.o(i.sysUserTimerWakeupTime), (20 bytes).
    Removing rt_task.o(i.rt_tsk_pass), (48 bytes).
    Removing rt_mutex.o(i.rt_mut_delete), (176 bytes).
    Removing rt_mutex.o(i.rt_mut_init), (16 bytes).
    Removing rt_system.o(.emb_text), (0 bytes).
    Removing rt_system.o(i.os_tick_ovf), (16 bytes).
    Removing rt_system.o(i.os_tick_val), (20 bytes).
    Removing rt_system.o(i.rt_resume), (136 bytes).
    Removing rt_system.o(i.rt_suspend), (36 bytes).
    Removing rt_system.o(i.rt_tsk_lock), (80 bytes).
    Removing rt_system.o(i.rt_tsk_unlock), (80 bytes).
    Removing rt_event.o(i.isr_evt_set), (40 bytes).
    Removing rt_event.o(i.rt_evt_clr), (28 bytes).
    Removing rt_event.o(i.rt_evt_get), (12 bytes).
    Removing rt_event.o(i.rt_evt_set), (92 bytes).
    Removing rt_event.o(i.rt_evt_wait), (60 bytes).
    Removing rt_list.o(i.rt_get_same_rdy_prio), (36 bytes).
    Removing rt_mailbox.o(i.rt_mbx_send), (152 bytes).
    Removing rt_semaphore.o(i.isr_sem_send), (16 bytes).
    Removing rt_semaphore.o(i.rt_sem_delete), (92 bytes).
    Removing rt_semaphore.o(i.rt_sem_init), (12 bytes).
    Removing rt_semaphore.o(i.rt_sem_send), (42 bytes).
    Removing rt_semaphore.o(i.rt_sem_wait), (64 bytes).
    Removing rt_time.o(i.rt_dly_wait), (6 bytes).
    Removing rt_time.o(i.rt_itv_set), (24 bytes).
    Removing rt_time.o(i.rt_itv_wait), (40 bytes).
    Removing rt_time.o(i.rt_time_get), (12 bytes).
    Removing rt_membox.o(i._calloc_box), (30 bytes).

189 unused section(s) (total 6342 bytes) removed from the image.

==============================================================================

Image Symbol Table

    Local Symbols

    Symbol Name                              Value     Ov Type        Size  Object(Section)

    ../clib/angel/boardlib.s                 0x00000000   Number         0  boardinit1.o ABSOLUTE
    ../clib/angel/boardlib.s                 0x00000000   Number         0  boardshut.o ABSOLUTE
    ../clib/angel/boardlib.s                 0x00000000   Number         0  boardinit2.o ABSOLUTE
    ../clib/angel/handlers.s                 0x00000000   Number         0  __scatter_copy.o ABSOLUTE
    ../clib/angel/handlers.s                 0x00000000   Number         0  __scatter_zi.o ABSOLUTE
    ../clib/angel/kernel.s                   0x00000000   Number         0  __rtentry2.o ABSOLUTE
    ../clib/angel/kernel.s                   0x00000000   Number         0  __rtentry4.o ABSOLUTE
    ../clib/angel/kernel.s                   0x00000000   Number         0  rtexit2.o ABSOLUTE
    ../clib/angel/kernel.s                   0x00000000   Number         0  rtexit.o ABSOLUTE
    ../clib/angel/kernel.s                   0x00000000   Number         0  __rtentry.o ABSOLUTE
    ../clib/angel/rt.s                       0x00000000   Number         0  rt_raise.o ABSOLUTE
    ../clib/angel/rt.s                       0x00000000   Number         0  rt_div0.o ABSOLUTE
    ../clib/angel/rt.s                       0x00000000   Number         0  aeabi_ldiv0_sigfpe.o ABSOLUTE
    ../clib/angel/rt.s                       0x00000000   Number         0  aeabi_ldiv0.o ABSOLUTE
    ../clib/angel/scatter.s                  0x00000000   Number         0  __scatter.o ABSOLUTE
    ../clib/angel/startup.s                  0x00000000   Number         0  __main.o ABSOLUTE
    ../clib/angel/sys.s                      0x00000000   Number         0  indicate_semi.o ABSOLUTE
    ../clib/angel/sys.s                      0x00000000   Number         0  libspace.o ABSOLUTE
    ../clib/angel/sys.s                      0x00000000   Number         0  sys_stackheap_outer.o ABSOLUTE
    ../clib/angel/sys.s                      0x00000000   Number         0  use_no_semi.o ABSOLUTE
    ../clib/angel/sysapp.c                   0x00000000   Number         0  sys_wrch.o ABSOLUTE
    ../clib/angel/sysapp.c                   0x00000000   Number         0  sys_command.o ABSOLUTE
    ../clib/angel/sysapp.c                   0x00000000   Number         0  sys_exit.o ABSOLUTE
    ../clib/armsys.c                         0x00000000   Number         0  no_argv.o ABSOLUTE
    ../clib/armsys.c                         0x00000000   Number         0  argv_veneer.o ABSOLUTE
    ../clib/armsys.c                         0x00000000   Number         0  argv_veneer.o ABSOLUTE
    ../clib/armsys.c                         0x00000000   Number         0  _get_argv_nomalloc.o ABSOLUTE
    ../clib/heapalloc.c                      0x00000000   Number         0  hrguard.o ABSOLUTE
    ../clib/heapaux.c                        0x00000000   Number         0  heapauxi.o ABSOLUTE
    ../clib/libinit.s                        0x00000000   Number         0  libshutdown.o ABSOLUTE
    ../clib/libinit.s                        0x00000000   Number         0  libinit.o ABSOLUTE
    ../clib/libinit.s                        0x00000000   Number         0  libshutdown2.o ABSOLUTE
    ../clib/libinit.s                        0x00000000   Number         0  libinit2.o ABSOLUTE
    ../clib/longlong.s                       0x00000000   Number         0  lludivv7m.o ABSOLUTE
    ../clib/signal.c                         0x00000000   Number         0  defsig_fpe_inner.o ABSOLUTE
    ../clib/signal.c                         0x00000000   Number         0  defsig_stak_inner.o ABSOLUTE
    ../clib/signal.c                         0x00000000   Number         0  defsig_rtmem_formal.o ABSOLUTE
    ../clib/signal.c                         0x00000000   Number         0  defsig_general.o ABSOLUTE
    ../clib/signal.c                         0x00000000   Number         0  __raise.o ABSOLUTE
    ../clib/signal.c                         0x00000000   Number         0  defsig_cppl_inner.o ABSOLUTE
    ../clib/signal.c                         0x00000000   Number         0  defsig_rtmem_outer.o ABSOLUTE
    ../clib/signal.c                         0x00000000   Number         0  defsig_rtmem_inner.o ABSOLUTE
    ../clib/signal.c                         0x00000000   Number         0  defsig_rtred_inner.o ABSOLUTE
    ../clib/signal.c                         0x00000000   Number         0  defsig_exit.o ABSOLUTE
    ../clib/signal.c                         0x00000000   Number         0  defsig_abrt_inner.o ABSOLUTE
    ../clib/signal.c                         0x00000000   Number         0  defsig_fpe_formal.o ABSOLUTE
    ../clib/signal.c                         0x00000000   Number         0  defsig_fpe_outer.o ABSOLUTE
    ../clib/signal.c                         0x00000000   Number         0  defsig_pvfn_inner.o ABSOLUTE
    ../clib/signal.c                         0x00000000   Number         0  defsig_segv_inner.o ABSOLUTE
    ../clib/signal.c                         0x00000000   Number         0  defsig_other.o ABSOLUTE
    ../clib/signal.s                         0x00000000   Number         0  defsig.o ABSOLUTE
    ../clib/stdlib.c                         0x00000000   Number         0  exit.o ABSOLUTE
    ../fplib/fpinit.s                        0x00000000   Number         0  fpinit.o ABSOLUTE
    ..\HAL_CM.c                              0x00000000   Number         0  hal_cm.o ABSOLUTE
    ..\\rt_CMSIS.c                           0x00000000   Number         0  rt_cmsis.o ABSOLUTE
    ..\\rt_System.c                          0x00000000   Number         0  rt_system.o ABSOLUTE
    ..\rt_CMSIS.c                            0x00000000   Number         0  rt_cmsis.o ABSOLUTE
    ..\rt_Event.c                            0x00000000   Number         0  rt_event.o ABSOLUTE
    ..\rt_List.c                             0x00000000   Number         0  rt_list.o ABSOLUTE
    ..\rt_Mailbox.c                          0x00000000   Number         0  rt_mailbox.o ABSOLUTE
    ..\rt_MemBox.c                           0x00000000   Number         0  rt_membox.o ABSOLUTE
    ..\rt_Memory.c                           0x00000000   Number         0  rt_memory.o ABSOLUTE
    ..\rt_Mutex.c                            0x00000000   Number         0  rt_mutex.o ABSOLUTE
    ..\rt_Robin.c                            0x00000000   Number         0  rt_robin.o ABSOLUTE
    ..\rt_Semaphore.c                        0x00000000   Number         0  rt_semaphore.o ABSOLUTE
    ..\rt_System.c                           0x00000000   Number         0  rt_system.o ABSOLUTE
    ..\rt_Task.c                             0x00000000   Number         0  rt_task.o ABSOLUTE
    ..\rt_Time.c                             0x00000000   Number         0  rt_time.o ABSOLUTE
    HAL_CM4.c                                0x00000000   Number         0  hal_cm4.o ABSOLUTE
    HAL_CM4.c                                0x00000000   Number         0  hal_cm4.o ABSOLUTE
    RTE\CMSIS\RTX_Conf_CM.c                  0x00000000   Number         0  rtx_conf_cm.o ABSOLUTE
    RTE\Device\STM32F407VGTx\startup_stm32f407xx.s 0x00000000   Number         0  startup_stm32f407xx.o ABSOLUTE
    RTE\Device\STM32F407VGTx\system_stm32f4xx.c 0x00000000   Number         0  system_stm32f4xx.o ABSOLUTE
    RTE\\CMSIS\\RTX_Conf_CM.c                0x00000000   Number         0  rtx_conf_cm.o ABSOLUTE
    RTE\\Device\\STM32F407VGTx\\system_stm32f4xx.c 0x00000000   Number         0  system_stm32f4xx.o ABSOLUTE
    STM32F4xx_StdPeriph_Driver\\src\\misc.c  0x00000000   Number         0  misc.o ABSOLUTE
    STM32F4xx_StdPeriph_Driver\\src\\stm32f4xx_exti.c 0x00000000   Number         0  stm32f4xx_exti.o ABSOLUTE
    STM32F4xx_StdPeriph_Driver\\src\\stm32f4xx_gpio.c 0x00000000   Number         0  stm32f4xx_gpio.o ABSOLUTE
    STM32F4xx_StdPeriph_Driver\\src\\stm32f4xx_rcc.c 0x00000000   Number         0  stm32f4xx_rcc.o ABSOLUTE
    STM32F4xx_StdPeriph_Driver\src\misc.c    0x00000000   Number         0  misc.o ABSOLUTE
    STM32F4xx_StdPeriph_Driver\src\stm32f4xx_exti.c 0x00000000   Number         0  stm32f4xx_exti.o ABSOLUTE
    STM32F4xx_StdPeriph_Driver\src\stm32f4xx_gpio.c 0x00000000   Number         0  stm32f4xx_gpio.o ABSOLUTE
    STM32F4xx_StdPeriph_Driver\src\stm32f4xx_rcc.c 0x00000000   Number         0  stm32f4xx_rcc.o ABSOLUTE
    SVC_Table.s                              0x00000000   Number         0  svc_table.o ABSOLUTE
    dc.s                                     0x00000000   Number         0  dc.o ABSOLUTE
    main.c                                   0x00000000   Number         0  main.o ABSOLUTE
    main.c                                   0x00000000   Number         0  main.o ABSOLUTE
    RESET                                    0x08000000   Section      392  startup_stm32f407xx.o(RESET)
    !!!main                                  0x08000188   Section        8  __main.o(!!!main)
    !!!scatter                               0x08000190   Section       52  __scatter.o(!!!scatter)
    !!handler_copy                           0x080001c4   Section       26  __scatter_copy.o(!!handler_copy)
    !!handler_zi                             0x080001e0   Section       28  __scatter_zi.o(!!handler_zi)
    .ARM.Collect$$libinit$$00000000          0x080001fc   Section        2  libinit.o(.ARM.Collect$$libinit$$00000000)
    .ARM.Collect$$libinit$$00000001          0x080001fe   Section        4  libinit2.o(.ARM.Collect$$libinit$$00000001)
    .ARM.Collect$$libinit$$00000004          0x08000202   Section        0  libinit2.o(.ARM.Collect$$libinit$$00000004)
    .ARM.Collect$$libinit$$0000000A          0x08000202   Section        0  libinit2.o(.ARM.Collect$$libinit$$0000000A)
    .ARM.Collect$$libinit$$0000000C          0x08000202   Section        0  libinit2.o(.ARM.Collect$$libinit$$0000000C)
    .ARM.Collect$$libinit$$0000000E          0x08000202   Section        0  libinit2.o(.ARM.Collect$$libinit$$0000000E)
    .ARM.Collect$$libinit$$00000011          0x08000202   Section        0  libinit2.o(.ARM.Collect$$libinit$$00000011)
    .ARM.Collect$$libinit$$00000013          0x08000202   Section        0  libinit2.o(.ARM.Collect$$libinit$$00000013)
    .ARM.Collect$$libinit$$00000015          0x08000202   Section        0  libinit2.o(.ARM.Collect$$libinit$$00000015)
    .ARM.Collect$$libinit$$00000017          0x08000202   Section        0  libinit2.o(.ARM.Collect$$libinit$$00000017)
    .ARM.Collect$$libinit$$00000019          0x08000202   Section        0  libinit2.o(.ARM.Collect$$libinit$$00000019)
    .ARM.Collect$$libinit$$0000001B          0x08000202   Section        0  libinit2.o(.ARM.Collect$$libinit$$0000001B)
    .ARM.Collect$$libinit$$0000001D          0x08000202   Section        0  libinit2.o(.ARM.Collect$$libinit$$0000001D)
    .ARM.Collect$$libinit$$0000001F          0x08000202   Section        0  libinit2.o(.ARM.Collect$$libinit$$0000001F)
    .ARM.Collect$$libinit$$00000021          0x08000202   Section        0  libinit2.o(.ARM.Collect$$libinit$$00000021)
    .ARM.Collect$$libinit$$00000023          0x08000202   Section        0  libinit2.o(.ARM.Collect$$libinit$$00000023)
    .ARM.Collect$$libinit$$00000025          0x08000202   Section        0  libinit2.o(.ARM.Collect$$libinit$$00000025)
    .ARM.Collect$$libinit$$0000002C          0x08000202   Section        0  libinit2.o(.ARM.Collect$$libinit$$0000002C)
    .ARM.Collect$$libinit$$0000002E          0x08000202   Section        0  libinit2.o(.ARM.Collect$$libinit$$0000002E)
    .ARM.Collect$$libinit$$00000030          0x08000202   Section        0  libinit2.o(.ARM.Collect$$libinit$$00000030)
    .ARM.Collect$$libinit$$00000032          0x08000202   Section        0  libinit2.o(.ARM.Collect$$libinit$$00000032)
    .ARM.Collect$$libinit$$00000033          0x08000202   Section        2  libinit2.o(.ARM.Collect$$libinit$$00000033)
    .ARM.Collect$$libshutdown$$00000000      0x08000204   Section        2  libshutdown.o(.ARM.Collect$$libshutdown$$00000000)
    .ARM.Collect$$libshutdown$$00000002      0x08000206   Section        0  libshutdown2.o(.ARM.Collect$$libshutdown$$00000002)
    .ARM.Collect$$libshutdown$$00000004      0x08000206   Section        0  libshutdown2.o(.ARM.Collect$$libshutdown$$00000004)
    .ARM.Collect$$libshutdown$$00000007      0x08000206   Section        0  libshutdown2.o(.ARM.Collect$$libshutdown$$00000007)
    .ARM.Collect$$libshutdown$$0000000A      0x08000206   Section        0  libshutdown2.o(.ARM.Collect$$libshutdown$$0000000A)
    .ARM.Collect$$libshutdown$$0000000C      0x08000206   Section        0  libshutdown2.o(.ARM.Collect$$libshutdown$$0000000C)
    .ARM.Collect$$libshutdown$$0000000F      0x08000206   Section        0  libshutdown2.o(.ARM.Collect$$libshutdown$$0000000F)
    .ARM.Collect$$libshutdown$$00000010      0x08000206   Section        2  libshutdown2.o(.ARM.Collect$$libshutdown$$00000010)
    .ARM.Collect$$rtentry$$00000000          0x08000208   Section        0  __rtentry.o(.ARM.Collect$$rtentry$$00000000)
    .ARM.Collect$$rtentry$$00000002          0x08000208   Section        0  __rtentry2.o(.ARM.Collect$$rtentry$$00000002)
    .ARM.Collect$$rtentry$$00000004          0x08000208   Section        6  __rtentry4.o(.ARM.Collect$$rtentry$$00000004)
    .ARM.Collect$$rtentry$$00000009          0x0800020e   Section        0  __rtentry2.o(.ARM.Collect$$rtentry$$00000009)
    .ARM.Collect$$rtentry$$0000000A          0x0800020e   Section        4  __rtentry2.o(.ARM.Collect$$rtentry$$0000000A)
    .ARM.Collect$$rtentry$$0000000B          0x08000212   Section        8  __rtentry2.o(.ARM.Collect$$rtentry$$0000000B)
    .ARM.Collect$$rtentry$$0000000D          0x0800021a   Section        8  __rtentry2.o(.ARM.Collect$$rtentry$$0000000D)
    .ARM.Collect$$rtexit$$00000000           0x08000222   Section        2  rtexit.o(.ARM.Collect$$rtexit$$00000000)
    .ARM.Collect$$rtexit$$00000002           0x08000224   Section        0  rtexit2.o(.ARM.Collect$$rtexit$$00000002)
    .ARM.Collect$$rtexit$$00000003           0x08000224   Section        4  rtexit2.o(.ARM.Collect$$rtexit$$00000003)
    .ARM.Collect$$rtexit$$00000004           0x08000228   Section        6  rtexit2.o(.ARM.Collect$$rtexit$$00000004)
    .emb_text                                0x08000230   Section       28  rtx_conf_cm.o(.emb_text)
    $v0                                      0x08000230   Number         0  rtx_conf_cm.o(.emb_text)
    .emb_text                                0x0800024c   Section      408  hal_cm4.o(.emb_text)
    $v0                                      0x0800024c   Number         0  hal_cm4.o(.emb_text)
    .text                                    0x080003e4   Section       64  startup_stm32f407xx.o(.text)
    $v0                                      0x080003e4   Number         0  startup_stm32f407xx.o(.text)
    .text                                    0x08000424   Section        8  libspace.o(.text)
    .text                                    0x0800042c   Section        0  exit.o(.text)
    .text                                    0x0800043e   Section        0  heapauxi.o(.text)
    .text                                    0x08000444   Section        0  sys_exit.o(.text)
    .text                                    0x08000450   Section       74  sys_stackheap_outer.o(.text)
    .text                                    0x0800049a   Section        2  use_no_semi.o(.text)
    .text                                    0x0800049c   Section        0  indicate_semi.o(.text)
    SVC_TABLE                                0x0800049c   Section        4  svc_table.o(SVC_TABLE)
    i.Delay_ms                               0x080004a0   Section        0  main.o(i.Delay_ms)
    i.GPIO_Init                              0x080004cc   Section        0  stm32f4xx_gpio.o(i.GPIO_Init)
    i.GPIO_ToggleBits                        0x0800055c   Section        0  stm32f4xx_gpio.o(i.GPIO_ToggleBits)
    i.RCC_AHB1PeriphClockCmd                 0x08000564   Section        0  stm32f4xx_rcc.o(i.RCC_AHB1PeriphClockCmd)
    i.RCC_Configuration                      0x08000584   Section        0  main.o(i.RCC_Configuration)
    i.RCC_DeInit                             0x080005dc   Section        0  stm32f4xx_rcc.o(i.RCC_DeInit)
    i.RCC_GetClocksFreq                      0x08000640   Section        0  stm32f4xx_rcc.o(i.RCC_GetClocksFreq)
    i.RCC_GetFlagStatus                      0x08000728   Section        0  stm32f4xx_rcc.o(i.RCC_GetFlagStatus)
    i.RCC_GetSYSCLKSource                    0x08000768   Section        0  stm32f4xx_rcc.o(i.RCC_GetSYSCLKSource)
    i.RCC_HCLKConfig                         0x08000778   Section        0  stm32f4xx_rcc.o(i.RCC_HCLKConfig)
    i.RCC_HSEConfig                          0x08000790   Section        0  stm32f4xx_rcc.o(i.RCC_HSEConfig)
    i.RCC_PCLK1Config                        0x080007a0   Section        0  stm32f4xx_rcc.o(i.RCC_PCLK1Config)
    i.RCC_PCLK2Config                        0x080007b8   Section        0  stm32f4xx_rcc.o(i.RCC_PCLK2Config)
    i.RCC_PLLCmd                             0x080007d0   Section        0  stm32f4xx_rcc.o(i.RCC_PLLCmd)
    i.RCC_SYSCLKConfig                       0x080007dc   Section        0  stm32f4xx_rcc.o(i.RCC_SYSCLKConfig)
    i.RCC_WaitForHSEStartUp                  0x080007f4   Section        0  stm32f4xx_rcc.o(i.RCC_WaitForHSEStartUp)
    i.SetSysClock                            0x0800082c   Section        0  system_stm32f4xx.o(i.SetSysClock)
    SetSysClock                              0x0800082d   Thumb Code   220  system_stm32f4xx.o(i.SetSysClock)
    i.SystemInit                             0x08000918   Section        0  system_stm32f4xx.o(i.SystemInit)
    i._init_box                              0x08000980   Section        0  rt_membox.o(i._init_box)
    i._mutex_acquire                         0x080009c8   Section        0  rtx_conf_cm.o(i._mutex_acquire)
    __tagsym$$used                           0x080009c9   Number         0  rtx_conf_cm.o(i._mutex_acquire)
    i._mutex_release                         0x080009e8   Section        0  rtx_conf_cm.o(i._mutex_release)
    __tagsym$$used                           0x080009e9   Number         0  rtx_conf_cm.o(i._mutex_release)
    i.dbg_init                               0x08000a04   Section        0  hal_cm.o(i.dbg_init)
    i.dbg_task_notify                        0x08000a34   Section        0  hal_cm.o(i.dbg_task_notify)
    i.dbg_task_switch                        0x08000a54   Section        0  hal_cm.o(i.dbg_task_switch)
    i.isrMessageGet                          0x08000a64   Section        0  rt_cmsis.o(i.isrMessageGet)
    i.isrMessagePut                          0x08000a8e   Section        0  rt_cmsis.o(i.isrMessagePut)
    i.isr_mbx_receive                        0x08000abc   Section        0  rt_mailbox.o(i.isr_mbx_receive)
    i.isr_mbx_send                           0x08000b12   Section        0  rt_mailbox.o(i.isr_mbx_send)
    i.main                                   0x08000b20   Section        0  main.o(i.main)
    i.osKernelInitialize                     0x08000bb0   Section        0  rt_cmsis.o(i.osKernelInitialize)
    i.osKernelStart                          0x08000bd4   Section        0  rt_cmsis.o(i.osKernelStart)
    i.osMessageGet                           0x08000c40   Section        0  rt_cmsis.o(i.osMessageGet)
    i.osThreadCreate                         0x08000c58   Section        0  rt_cmsis.o(i.osThreadCreate)
    i.osThreadExit                           0x08000c84   Section        0  rt_cmsis.o(i.osThreadExit)
    i.osTimerCall                            0x08000c9c   Section        0  rt_cmsis.o(i.osTimerCall)
    i.osTimerThread                          0x08000ca8   Section        0  rt_cmsis.o(i.osTimerThread)
    i.os_error                               0x08000cd4   Section        0  rtx_conf_cm.o(i.os_error)
    i.os_idle_demon                          0x08000cf6   Section        0  rtx_conf_cm.o(i.os_idle_demon)
    i.os_tick_init                           0x08000cfc   Section        0  rt_system.o(i.os_tick_init)
    i.os_tick_irqack                         0x08000d24   Section        0  rt_system.o(i.os_tick_irqack)
    i.rt_alloc_box                           0x08000d26   Section        0  rt_membox.o(i.rt_alloc_box)
    i.rt_alloc_mem                           0x08000d40   Section        0  rt_memory.o(i.rt_alloc_mem)
    i.rt_block                               0x08000d80   Section        0  rt_task.o(i.rt_block)
    i.rt_chk_robin                           0x08000db8   Section        0  rt_robin.o(i.rt_chk_robin)
    i.rt_dec_dly                             0x08000e00   Section        0  rt_list.o(i.rt_dec_dly)
    i.rt_dispatch                            0x08000e70   Section        0  rt_task.o(i.rt_dispatch)
    i.rt_evt_psh                             0x08000eb4   Section        0  rt_event.o(i.rt_evt_psh)
    i.rt_free_box                            0x08000f04   Section        0  rt_membox.o(i.rt_free_box)
    i.rt_free_mem                            0x08000f30   Section        0  rt_memory.o(i.rt_free_mem)
    i.rt_get_first                           0x08000f58   Section        0  rt_list.o(i.rt_get_first)
    i.rt_id2obj                              0x08000f80   Section        0  rt_cmsis.o(i.rt_id2obj)
    rt_id2obj                                0x08000f81   Thumb Code     8  rt_cmsis.o(i.rt_id2obj)
    i.rt_init_context                        0x08000f88   Section        0  rt_task.o(i.rt_init_context)
    rt_init_context                          0x08000f89   Thumb Code    66  rt_task.o(i.rt_init_context)
    i.rt_init_mem                            0x08000fd0   Section        0  rt_memory.o(i.rt_init_mem)
    i.rt_init_robin                          0x08000fec   Section        0  rt_robin.o(i.rt_init_robin)
    i.rt_init_stack                          0x08001004   Section        0  hal_cm.o(i.rt_init_stack)
    i.rt_mbx_check                           0x08001084   Section        0  rt_mailbox.o(i.rt_mbx_check)
    i.rt_mbx_init                            0x0800108c   Section        0  rt_mailbox.o(i.rt_mbx_init)
    i.rt_mbx_psh                             0x080010a8   Section        0  rt_mailbox.o(i.rt_mbx_psh)
    i.rt_mbx_wait                            0x08001198   Section        0  rt_mailbox.o(i.rt_mbx_wait)
    i.rt_ms2tick                             0x0800124c   Section        0  rt_cmsis.o(i.rt_ms2tick)
    rt_ms2tick                               0x0800124d   Thumb Code    58  rt_cmsis.o(i.rt_ms2tick)
    i.rt_mut_release                         0x08001290   Section        0  rt_mutex.o(i.rt_mut_release)
    i.rt_mut_wait                            0x08001368   Section        0  rt_mutex.o(i.rt_mut_wait)
    i.rt_pop_req                             0x080013e0   Section        0  rt_system.o(i.rt_pop_req)
    i.rt_psh_req                             0x0800145c   Section        0  rt_system.o(i.rt_psh_req)
    i.rt_psq_enq                             0x0800147c   Section        0  rt_list.o(i.rt_psq_enq)
    i.rt_put_dly                             0x080014d8   Section        0  rt_list.o(i.rt_put_dly)
    i.rt_put_prio                            0x08001520   Section        0  rt_list.o(i.rt_put_prio)
    i.rt_put_rdy_first                       0x08001558   Section        0  rt_list.o(i.rt_put_rdy_first)
    i.rt_resort_prio                         0x0800156c   Section        0  rt_list.o(i.rt_resort_prio)
    i.rt_ret_regs                            0x080015a0   Section        0  hal_cm.o(i.rt_ret_regs)
    rt_ret_regs                              0x080015a1   Thumb Code    16  hal_cm.o(i.rt_ret_regs)
    i.rt_ret_val                             0x080015b0   Section        0  hal_cm.o(i.rt_ret_val)
    i.rt_ret_val2                            0x080015bc   Section        0  hal_cm.o(i.rt_ret_val2)
    i.rt_rmv_dly                             0x080015cc   Section        0  rt_list.o(i.rt_rmv_dly)
    i.rt_rmv_list                            0x080015f4   Section        0  rt_list.o(i.rt_rmv_list)
    i.rt_sem_psh                             0x08001624   Section        0  rt_semaphore.o(i.rt_sem_psh)
    i.rt_stk_check                           0x08001658   Section        0  rt_system.o(i.rt_stk_check)
    i.rt_switch_req                          0x0800167c   Section        0  rt_task.o(i.rt_switch_req)
    i.rt_sys_init                            0x080016a4   Section        0  rt_task.o(i.rt_sys_init)
    i.rt_sys_start                           0x08001770   Section        0  rt_task.o(i.rt_sys_start)
    i.rt_systick                             0x080017e8   Section        0  rt_system.o(i.rt_systick)
    i.rt_tid2ptcb                            0x08001828   Section        0  rt_cmsis.o(i.rt_tid2ptcb)
    rt_tid2ptcb                              0x08001829   Thumb Code    18  rt_cmsis.o(i.rt_tid2ptcb)
    i.rt_timer_insert                        0x0800183c   Section        0  rt_cmsis.o(i.rt_timer_insert)
    rt_timer_insert                          0x0800183d   Thumb Code    48  rt_cmsis.o(i.rt_timer_insert)
    i.rt_tsk_create                          0x08001870   Section        0  rt_task.o(i.rt_tsk_create)
    i.rt_tsk_delete                          0x080018f8   Section        0  rt_task.o(i.rt_tsk_delete)
    i.rt_tsk_prio                            0x08001a74   Section        0  rt_task.o(i.rt_tsk_prio)
    i.rt_tsk_self                            0x08001af0   Section        0  rt_task.o(i.rt_tsk_self)
    i.svcKernelInitialize                    0x08001b00   Section        0  rt_cmsis.o(i.svcKernelInitialize)
    i.svcKernelStart                         0x08001b70   Section        0  rt_cmsis.o(i.svcKernelStart)
    i.svcMessageCreate                       0x08001bb8   Section        0  rt_cmsis.o(i.svcMessageCreate)
    i.svcMessageGet                          0x08001bdc   Section        0  rt_cmsis.o(i.svcMessageGet)
    i.svcThreadCreate                        0x08001c18   Section        0  rt_cmsis.o(i.svcThreadCreate)
    i.svcThreadGetId                         0x08001c84   Section        0  rt_cmsis.o(i.svcThreadGetId)
    i.svcThreadTerminate                     0x08001ca0   Section        0  rt_cmsis.o(i.svcThreadTerminate)
    i.svcTimerCall                           0x08001cd8   Section        0  rt_cmsis.o(i.svcTimerCall)
    i.sysTimerTick                           0x08001cf0   Section        0  rt_cmsis.o(i.sysTimerTick)
    x$fpl$fpinit                             0x08001d4c   Section       10  fpinit.o(x$fpl$fpinit)
    $v0                                      0x08001d4c   Number         0  fpinit.o(x$fpl$fpinit)
    .constdata                               0x08001d58   Section      104  rtx_conf_cm.o(.constdata)
    __tagsym$$used                           0x08001d74   Number         0  rtx_conf_cm.o(.constdata)
    __tagsym$$used                           0x08001d78   Number         0  rtx_conf_cm.o(.constdata)
    __tagsym$$used                           0x08001d7c   Number         0  rtx_conf_cm.o(.constdata)
    __tagsym$$used                           0x08001d80   Number         0  rtx_conf_cm.o(.constdata)
    .data                                    0x20000000   Section       16  main.o(.data)
    .data                                    0x20000010   Section       16  stm32f4xx_rcc.o(.data)
    APBAHBPrescTable                         0x20000010   Data          16  stm32f4xx_rcc.o(.data)
    .data                                    0x20000020   Section       20  rtx_conf_cm.o(.data)
    nr_mutex                                 0x20000030   Data           4  rtx_conf_cm.o(.data)
    .data                                    0x20000034   Section        8  rt_cmsis.o(.data)
    .data                                    0x2000003c   Section        8  rt_task.o(.data)
    .data                                    0x20000044   Section        8  rt_system.o(.data)
    os_lock                                  0x20000044   Data           1  rt_system.o(.data)
    os_psh_flag                              0x20000045   Data           1  rt_system.o(.data)
    pend_flags                               0x20000046   Data           1  rt_system.o(.data)
    .data                                    0x2000004c   Section        4  rt_time.o(.data)
    .data                                    0x20000050   Section        8  rt_robin.o(.data)
    .data                                    0x20000058   Section        1  hal_cm.o(.data)
    .bss                                     0x2000005c   Section       16  main.o(.bss)
    .bss                                     0x20000070   Section     3016  rtx_conf_cm.o(.bss)
    std_libspace                             0x20000918   Data         672  rtx_conf_cm.o(.bss)
    std_libmutex                             0x20000bb8   Data         128  rtx_conf_cm.o(.bss)
    .bss                                     0x20000c38   Section       52  rt_task.o(.bss)
    .bss                                     0x20000c6c   Section       48  rt_list.o(.bss)
    .bss                                     0x20000c9c   Section       96  libspace.o(.bss)
    HEAP                                     0x20000d00   Section      512  startup_stm32f407xx.o(HEAP)
    Heap_Mem                                 0x20000d00   Data         512  startup_stm32f407xx.o(HEAP)
    STACK                                    0x20000f00   Section     1024  startup_stm32f407xx.o(STACK)
    Stack_Mem                                0x20000f00   Data        1024  startup_stm32f407xx.o(STACK)
    __initial_sp                             0x20001300   Data           0  startup_stm32f407xx.o(STACK)

    Global Symbols

    Symbol Name                              Value     Ov Type        Size  Object(Section)

    BuildAttributes$$THM_ISAv4$E$P$D$K$B$S$7EM$VFPi3$EXTD16$VFPS$VFMA$PE$A:L22UL41UL21$X:L11$S22US41US21$IEEE1$IW$USESV6$~STKCKD$USESV7$~SHL$OSPACE$ROPI$EBA8$UX$STANDARDLIB$REQ8$PRES8$EABIv2 0x00000000   Number         0  anon$$obj.o ABSOLUTE
    __ARM_use_no_argv                        0x00000000   Number         0  main.o ABSOLUTE
    __ARM_exceptions_init                     - Undefined Weak Reference
    __alloca_initialize                       - Undefined Weak Reference
    __arm_preinit_                            - Undefined Weak Reference
    __cpp_initialize__aeabi_                  - Undefined Weak Reference
    __cxa_finalize                            - Undefined Weak Reference
    __rt_locale                               - Undefined Weak Reference
    __sigvec_lookup                           - Undefined Weak Reference
    _atexit_init                              - Undefined Weak Reference
    _call_atexit_fns                          - Undefined Weak Reference
    _clock_init                               - Undefined Weak Reference
    _fp_trap_init                             - Undefined Weak Reference
    _fp_trap_shutdown                         - Undefined Weak Reference
    _get_lc_collate                           - Undefined Weak Reference
    _get_lc_ctype                             - Undefined Weak Reference
    _get_lc_monetary                          - Undefined Weak Reference
    _get_lc_numeric                           - Undefined Weak Reference
    _get_lc_time                              - Undefined Weak Reference
    _getenv_init                              - Undefined Weak Reference
    _handle_redirection                       - Undefined Weak Reference
    _init_alloc                               - Undefined Weak Reference
    _init_user_alloc                          - Undefined Weak Reference
    _initio                                   - Undefined Weak Reference
    _rand_init                                - Undefined Weak Reference
    _signal_finish                            - Undefined Weak Reference
    _signal_init                              - Undefined Weak Reference
    _terminate_alloc                          - Undefined Weak Reference
    _terminate_user_alloc                     - Undefined Weak Reference
    _terminateio                              - Undefined Weak Reference
    __Vectors_Size                           0x00000188   Number         0  startup_stm32f407xx.o ABSOLUTE
    __RL_RTX_VER                             0x00000482   Number         0  rt_system.o ABSOLUTE
    __Vectors                                0x08000000   Data           4  startup_stm32f407xx.o(RESET)
    __Vectors_End                            0x08000188   Data           0  startup_stm32f407xx.o(RESET)
    __main                                   0x08000189   Thumb Code     8  __main.o(!!!main)
    __scatterload                            0x08000191   Thumb Code     0  __scatter.o(!!!scatter)
    __scatterload_rt2                        0x08000191   Thumb Code    44  __scatter.o(!!!scatter)
    __scatterload_rt2_thumb_only             0x08000191   Thumb Code     0  __scatter.o(!!!scatter)
    __scatterload_null                       0x0800019f   Thumb Code     0  __scatter.o(!!!scatter)
    __scatterload_copy                       0x080001c5   Thumb Code    26  __scatter_copy.o(!!handler_copy)
    __scatterload_zeroinit                   0x080001e1   Thumb Code    28  __scatter_zi.o(!!handler_zi)
    __rt_lib_init                            0x080001fd   Thumb Code     0  libinit.o(.ARM.Collect$$libinit$$00000000)
    __rt_lib_init_fp_1                       0x080001ff   Thumb Code     0  libinit2.o(.ARM.Collect$$libinit$$00000001)
    __rt_lib_init_alloca_1                   0x08000203   Thumb Code     0  libinit2.o(.ARM.Collect$$libinit$$0000002E)
    __rt_lib_init_argv_1                     0x08000203   Thumb Code     0  libinit2.o(.ARM.Collect$$libinit$$0000002C)
    __rt_lib_init_atexit_1                   0x08000203   Thumb Code     0  libinit2.o(.ARM.Collect$$libinit$$0000001B)
    __rt_lib_init_clock_1                    0x08000203   Thumb Code     0  libinit2.o(.ARM.Collect$$libinit$$00000021)
    __rt_lib_init_cpp_1                      0x08000203   Thumb Code     0  libinit2.o(.ARM.Collect$$libinit$$00000032)
    __rt_lib_init_exceptions_1               0x08000203   Thumb Code     0  libinit2.o(.ARM.Collect$$libinit$$00000030)
    __rt_lib_init_fp_trap_1                  0x08000203   Thumb Code     0  libinit2.o(.ARM.Collect$$libinit$$0000001F)
    __rt_lib_init_getenv_1                   0x08000203   Thumb Code     0  libinit2.o(.ARM.Collect$$libinit$$00000023)
    __rt_lib_init_heap_1                     0x08000203   Thumb Code     0  libinit2.o(.ARM.Collect$$libinit$$0000000A)
    __rt_lib_init_lc_collate_1               0x08000203   Thumb Code     0  libinit2.o(.ARM.Collect$$libinit$$00000011)
    __rt_lib_init_lc_ctype_1                 0x08000203   Thumb Code     0  libinit2.o(.ARM.Collect$$libinit$$00000013)
    __rt_lib_init_lc_monetary_1              0x08000203   Thumb Code     0  libinit2.o(.ARM.Collect$$libinit$$00000015)
    __rt_lib_init_lc_numeric_1               0x08000203   Thumb Code     0  libinit2.o(.ARM.Collect$$libinit$$00000017)
    __rt_lib_init_lc_time_1                  0x08000203   Thumb Code     0  libinit2.o(.ARM.Collect$$libinit$$00000019)
    __rt_lib_init_preinit_1                  0x08000203   Thumb Code     0  libinit2.o(.ARM.Collect$$libinit$$00000004)
    __rt_lib_init_rand_1                     0x08000203   Thumb Code     0  libinit2.o(.ARM.Collect$$libinit$$0000000E)
    __rt_lib_init_return                     0x08000203   Thumb Code     0  libinit2.o(.ARM.Collect$$libinit$$00000033)
    __rt_lib_init_signal_1                   0x08000203   Thumb Code     0  libinit2.o(.ARM.Collect$$libinit$$0000001D)
    __rt_lib_init_stdio_1                    0x08000203   Thumb Code     0  libinit2.o(.ARM.Collect$$libinit$$00000025)
    __rt_lib_init_user_alloc_1               0x08000203   Thumb Code     0  libinit2.o(.ARM.Collect$$libinit$$0000000C)
    __rt_lib_shutdown                        0x08000205   Thumb Code     0  libshutdown.o(.ARM.Collect$$libshutdown$$00000000)
    __rt_lib_shutdown_cpp_1                  0x08000207   Thumb Code     0  libshutdown2.o(.ARM.Collect$$libshutdown$$00000002)
    __rt_lib_shutdown_fp_trap_1              0x08000207   Thumb Code     0  libshutdown2.o(.ARM.Collect$$libshutdown$$00000007)
    __rt_lib_shutdown_heap_1                 0x08000207   Thumb Code     0  libshutdown2.o(.ARM.Collect$$libshutdown$$0000000F)
    __rt_lib_shutdown_return                 0x08000207   Thumb Code     0  libshutdown2.o(.ARM.Collect$$libshutdown$$00000010)
    __rt_lib_shutdown_signal_1               0x08000207   Thumb Code     0  libshutdown2.o(.ARM.Collect$$libshutdown$$0000000A)
    __rt_lib_shutdown_stdio_1                0x08000207   Thumb Code     0  libshutdown2.o(.ARM.Collect$$libshutdown$$00000004)
    __rt_lib_shutdown_user_alloc_1           0x08000207   Thumb Code     0  libshutdown2.o(.ARM.Collect$$libshutdown$$0000000C)
    __rt_entry                               0x08000209   Thumb Code     0  __rtentry.o(.ARM.Collect$$rtentry$$00000000)
    __rt_entry_presh_1                       0x08000209   Thumb Code     0  __rtentry2.o(.ARM.Collect$$rtentry$$00000002)
    __rt_entry_sh                            0x08000209   Thumb Code     0  __rtentry4.o(.ARM.Collect$$rtentry$$00000004)
    __rt_entry_li                            0x0800020f   Thumb Code     0  __rtentry2.o(.ARM.Collect$$rtentry$$0000000A)
    __rt_entry_postsh_1                      0x0800020f   Thumb Code     0  __rtentry2.o(.ARM.Collect$$rtentry$$00000009)
    __rt_entry_postli_1                      0x08000213   Thumb Code     0  __rtentry2.o(.ARM.Collect$$rtentry$$0000000B)
    __rt_entry_main                          0x0800021b   Thumb Code     0  __rtentry2.o(.ARM.Collect$$rtentry$$0000000D)
    __rt_exit                                0x08000223   Thumb Code     0  rtexit.o(.ARM.Collect$$rtexit$$00000000)
    __rt_exit_ls                             0x08000225   Thumb Code     0  rtexit2.o(.ARM.Collect$$rtexit$$00000003)
    __rt_exit_prels_1                        0x08000225   Thumb Code     0  rtexit2.o(.ARM.Collect$$rtexit$$00000002)
    __rt_exit_exit                           0x08000229   Thumb Code     0  rtexit2.o(.ARM.Collect$$rtexit$$00000004)
    _platform_post_lib_init                  0x08000231   Thumb Code    24  rtx_conf_cm.o(.emb_text)
    rt_set_PSP                               0x0800024d   Thumb Code     6  hal_cm4.o(.emb_text)
    rt_get_PSP                               0x08000253   Thumb Code     6  hal_cm4.o(.emb_text)
    os_set_env                               0x08000259   Thumb Code    24  hal_cm4.o(.emb_text)
    _alloc_box                               0x08000275   Thumb Code    28  hal_cm4.o(.emb_text)
    _free_box                                0x08000295   Thumb Code    28  hal_cm4.o(.emb_text)
    SVC_Handler                              0x080002b5   Thumb Code   168  hal_cm4.o(.emb_text)
    PendSV_Handler                           0x0800036d   Thumb Code    96  hal_cm4.o(.emb_text)
    SysTick_Handler                          0x080003d1   Thumb Code     8  hal_cm4.o(.emb_text)
    OS_Tick_Handler                          0x080003d9   Thumb Code    12  hal_cm4.o(.emb_text)
    Reset_Handler                            0x080003e5   Thumb Code     8  startup_stm32f407xx.o(.text)
    NMI_Handler                              0x080003ed   Thumb Code     2  startup_stm32f407xx.o(.text)
    HardFault_Handler                        0x080003ef   Thumb Code     2  startup_stm32f407xx.o(.text)
    MemManage_Handler                        0x080003f1   Thumb Code     2  startup_stm32f407xx.o(.text)
    BusFault_Handler                         0x080003f3   Thumb Code     2  startup_stm32f407xx.o(.text)
    UsageFault_Handler                       0x080003f5   Thumb Code     2  startup_stm32f407xx.o(.text)
    DebugMon_Handler                         0x080003f9   Thumb Code     2  startup_stm32f407xx.o(.text)
    ADC_IRQHandler                           0x080003ff   Thumb Code     0  startup_stm32f407xx.o(.text)
    CAN1_RX0_IRQHandler                      0x080003ff   Thumb Code     0  startup_stm32f407xx.o(.text)
    CAN1_RX1_IRQHandler                      0x080003ff   Thumb Code     0  startup_stm32f407xx.o(.text)
    CAN1_SCE_IRQHandler                      0x080003ff   Thumb Code     0  startup_stm32f407xx.o(.text)
    CAN1_TX_IRQHandler                       0x080003ff   Thumb Code     0  startup_stm32f407xx.o(.text)
    CAN2_RX0_IRQHandler                      0x080003ff   Thumb Code     0  startup_stm32f407xx.o(.text)
    CAN2_RX1_IRQHandler                      0x080003ff   Thumb Code     0  startup_stm32f407xx.o(.text)
    CAN2_SCE_IRQHandler                      0x080003ff   Thumb Code     0  startup_stm32f407xx.o(.text)
    CAN2_TX_IRQHandler                       0x080003ff   Thumb Code     0  startup_stm32f407xx.o(.text)
    DCMI_IRQHandler                          0x080003ff   Thumb Code     0  startup_stm32f407xx.o(.text)
    DMA1_Stream0_IRQHandler                  0x080003ff   Thumb Code     0  startup_stm32f407xx.o(.text)
    DMA1_Stream1_IRQHandler                  0x080003ff   Thumb Code     0  startup_stm32f407xx.o(.text)
    DMA1_Stream2_IRQHandler                  0x080003ff   Thumb Code     0  startup_stm32f407xx.o(.text)
    DMA1_Stream3_IRQHandler                  0x080003ff   Thumb Code     0  startup_stm32f407xx.o(.text)
    DMA1_Stream4_IRQHandler                  0x080003ff   Thumb Code     0  startup_stm32f407xx.o(.text)
    DMA1_Stream5_IRQHandler                  0x080003ff   Thumb Code     0  startup_stm32f407xx.o(.text)
    DMA1_Stream6_IRQHandler                  0x080003ff   Thumb Code     0  startup_stm32f407xx.o(.text)
    DMA1_Stream7_IRQHandler                  0x080003ff   Thumb Code     0  startup_stm32f407xx.o(.text)
    DMA2_Stream0_IRQHandler                  0x080003ff   Thumb Code     0  startup_stm32f407xx.o(.text)
    DMA2_Stream1_IRQHandler                  0x080003ff   Thumb Code     0  startup_stm32f407xx.o(.text)
    DMA2_Stream2_IRQHandler                  0x080003ff   Thumb Code     0  startup_stm32f407xx.o(.text)
    DMA2_Stream3_IRQHandler                  0x080003ff   Thumb Code     0  startup_stm32f407xx.o(.text)
    DMA2_Stream4_IRQHandler                  0x080003ff   Thumb Code     0  startup_stm32f407xx.o(.text)
    DMA2_Stream5_IRQHandler                  0x080003ff   Thumb Code     0  startup_stm32f407xx.o(.text)
    DMA2_Stream6_IRQHandler                  0x080003ff   Thumb Code     0  startup_stm32f407xx.o(.text)
    DMA2_Stream7_IRQHandler                  0x080003ff   Thumb Code     0  startup_stm32f407xx.o(.text)
    ETH_IRQHandler                           0x080003ff   Thumb Code     0  startup_stm32f407xx.o(.text)
    ETH_WKUP_IRQHandler                      0x080003ff   Thumb Code     0  startup_stm32f407xx.o(.text)
    EXTI0_IRQHandler                         0x080003ff   Thumb Code     0  startup_stm32f407xx.o(.text)
    EXTI15_10_IRQHandler                     0x080003ff   Thumb Code     0  startup_stm32f407xx.o(.text)
    EXTI1_IRQHandler                         0x080003ff   Thumb Code     0  startup_stm32f407xx.o(.text)
    EXTI2_IRQHandler                         0x080003ff   Thumb Code     0  startup_stm32f407xx.o(.text)
    EXTI3_IRQHandler                         0x080003ff   Thumb Code     0  startup_stm32f407xx.o(.text)
    EXTI4_IRQHandler                         0x080003ff   Thumb Code     0  startup_stm32f407xx.o(.text)
    EXTI9_5_IRQHandler                       0x080003ff   Thumb Code     0  startup_stm32f407xx.o(.text)
    FLASH_IRQHandler                         0x080003ff   Thumb Code     0  startup_stm32f407xx.o(.text)
    FMC_IRQHandler                           0x080003ff   Thumb Code     0  startup_stm32f407xx.o(.text)
    FPU_IRQHandler                           0x080003ff   Thumb Code     0  startup_stm32f407xx.o(.text)
    HASH_RNG_IRQHandler                      0x080003ff   Thumb Code     0  startup_stm32f407xx.o(.text)
    I2C1_ER_IRQHandler                       0x080003ff   Thumb Code     0  startup_stm32f407xx.o(.text)
    I2C1_EV_IRQHandler                       0x080003ff   Thumb Code     0  startup_stm32f407xx.o(.text)
    I2C2_ER_IRQHandler                       0x080003ff   Thumb Code     0  startup_stm32f407xx.o(.text)
    I2C2_EV_IRQHandler                       0x080003ff   Thumb Code     0  startup_stm32f407xx.o(.text)
    I2C3_ER_IRQHandler                       0x080003ff   Thumb Code     0  startup_stm32f407xx.o(.text)
    I2C3_EV_IRQHandler                       0x080003ff   Thumb Code     0  startup_stm32f407xx.o(.text)
    OTG_FS_IRQHandler                        0x080003ff   Thumb Code     0  startup_stm32f407xx.o(.text)
    OTG_FS_WKUP_IRQHandler                   0x080003ff   Thumb Code     0  startup_stm32f407xx.o(.text)
    OTG_HS_EP1_IN_IRQHandler                 0x080003ff   Thumb Code     0  startup_stm32f407xx.o(.text)
    OTG_HS_EP1_OUT_IRQHandler                0x080003ff   Thumb Code     0  startup_stm32f407xx.o(.text)
    OTG_HS_IRQHandler                        0x080003ff   Thumb Code     0  startup_stm32f407xx.o(.text)
    OTG_HS_WKUP_IRQHandler                   0x080003ff   Thumb Code     0  startup_stm32f407xx.o(.text)
    PVD_IRQHandler                           0x080003ff   Thumb Code     0  startup_stm32f407xx.o(.text)
    RCC_IRQHandler                           0x080003ff   Thumb Code     0  startup_stm32f407xx.o(.text)
    RTC_Alarm_IRQHandler                     0x080003ff   Thumb Code     0  startup_stm32f407xx.o(.text)
    RTC_WKUP_IRQHandler                      0x080003ff   Thumb Code     0  startup_stm32f407xx.o(.text)
    SDIO_IRQHandler                          0x080003ff   Thumb Code     0  startup_stm32f407xx.o(.text)
    SPI1_IRQHandler                          0x080003ff   Thumb Code     0  startup_stm32f407xx.o(.text)
    SPI2_IRQHandler                          0x080003ff   Thumb Code     0  startup_stm32f407xx.o(.text)
    SPI3_IRQHandler                          0x080003ff   Thumb Code     0  startup_stm32f407xx.o(.text)
    TAMP_STAMP_IRQHandler                    0x080003ff   Thumb Code     0  startup_stm32f407xx.o(.text)
    TIM1_BRK_TIM9_IRQHandler                 0x080003ff   Thumb Code     0  startup_stm32f407xx.o(.text)
    TIM1_CC_IRQHandler                       0x080003ff   Thumb Code     0  startup_stm32f407xx.o(.text)
    TIM1_TRG_COM_TIM11_IRQHandler            0x080003ff   Thumb Code     0  startup_stm32f407xx.o(.text)
    TIM1_UP_TIM10_IRQHandler                 0x080003ff   Thumb Code     0  startup_stm32f407xx.o(.text)
    TIM2_IRQHandler                          0x080003ff   Thumb Code     0  startup_stm32f407xx.o(.text)
    TIM3_IRQHandler                          0x080003ff   Thumb Code     0  startup_stm32f407xx.o(.text)
    TIM4_IRQHandler                          0x080003ff   Thumb Code     0  startup_stm32f407xx.o(.text)
    TIM5_IRQHandler                          0x080003ff   Thumb Code     0  startup_stm32f407xx.o(.text)
    TIM6_DAC_IRQHandler                      0x080003ff   Thumb Code     0  startup_stm32f407xx.o(.text)
    TIM7_IRQHandler                          0x080003ff   Thumb Code     0  startup_stm32f407xx.o(.text)
    TIM8_BRK_TIM12_IRQHandler                0x080003ff   Thumb Code     0  startup_stm32f407xx.o(.text)
    TIM8_CC_IRQHandler                       0x080003ff   Thumb Code     0  startup_stm32f407xx.o(.text)
    TIM8_TRG_COM_TIM14_IRQHandler            0x080003ff   Thumb Code     0  startup_stm32f407xx.o(.text)
    TIM8_UP_TIM13_IRQHandler                 0x080003ff   Thumb Code     0  startup_stm32f407xx.o(.text)
    UART4_IRQHandler                         0x080003ff   Thumb Code     0  startup_stm32f407xx.o(.text)
    UART5_IRQHandler                         0x080003ff   Thumb Code     0  startup_stm32f407xx.o(.text)
    USART1_IRQHandler                        0x080003ff   Thumb Code     0  startup_stm32f407xx.o(.text)
    USART2_IRQHandler                        0x080003ff   Thumb Code     0  startup_stm32f407xx.o(.text)
    USART3_IRQHandler                        0x080003ff   Thumb Code     0  startup_stm32f407xx.o(.text)
    USART6_IRQHandler                        0x080003ff   Thumb Code     0  startup_stm32f407xx.o(.text)
    WWDG_IRQHandler                          0x080003ff   Thumb Code     0  startup_stm32f407xx.o(.text)
    __user_initial_stackheap                 0x08000401   Thumb Code     0  startup_stm32f407xx.o(.text)
    __user_libspace                          0x08000425   Thumb Code     8  libspace.o(.text)
    __user_perproc_libspace                  0x08000425   Thumb Code     0  libspace.o(.text)
    exit                                     0x0800042d   Thumb Code    18  exit.o(.text)
    __use_two_region_memory                  0x0800043f   Thumb Code     2  heapauxi.o(.text)
    __rt_heap_escrow$2region                 0x08000441   Thumb Code     2  heapauxi.o(.text)
    __rt_heap_expand$2region                 0x08000443   Thumb Code     2  heapauxi.o(.text)
    _sys_exit                                0x08000445   Thumb Code     8  sys_exit.o(.text)
    __user_setup_stackheap                   0x08000451   Thumb Code    74  sys_stackheap_outer.o(.text)
    __I$use$semihosting                      0x0800049b   Thumb Code     0  use_no_semi.o(.text)
    __use_no_semihosting_swi                 0x0800049b   Thumb Code     2  use_no_semi.o(.text)
    SVC_Count                                0x0800049c   Data           4  svc_table.o(SVC_TABLE)
    __semihosting_library_function           0x0800049d   Thumb Code     0  indicate_semi.o(.text)
    Delay_ms                                 0x080004a1   Thumb Code    44  main.o(i.Delay_ms)
    SVC_Table                                0x080004a0   Data           0  svc_table.o(SVC_TABLE)
    GPIO_Init                                0x080004cd   Thumb Code   144  stm32f4xx_gpio.o(i.GPIO_Init)
    GPIO_ToggleBits                          0x0800055d   Thumb Code     8  stm32f4xx_gpio.o(i.GPIO_ToggleBits)
    RCC_AHB1PeriphClockCmd                   0x08000565   Thumb Code    26  stm32f4xx_rcc.o(i.RCC_AHB1PeriphClockCmd)
    RCC_Configuration                        0x08000585   Thumb Code    82  main.o(i.RCC_Configuration)
    RCC_DeInit                               0x080005dd   Thumb Code    82  stm32f4xx_rcc.o(i.RCC_DeInit)
    RCC_GetClocksFreq                        0x08000641   Thumb Code   214  stm32f4xx_rcc.o(i.RCC_GetClocksFreq)
    RCC_GetFlagStatus                        0x08000729   Thumb Code    60  stm32f4xx_rcc.o(i.RCC_GetFlagStatus)
    RCC_GetSYSCLKSource                      0x08000769   Thumb Code    10  stm32f4xx_rcc.o(i.RCC_GetSYSCLKSource)
    RCC_HCLKConfig                           0x08000779   Thumb Code    18  stm32f4xx_rcc.o(i.RCC_HCLKConfig)
    RCC_HSEConfig                            0x08000791   Thumb Code    12  stm32f4xx_rcc.o(i.RCC_HSEConfig)
    RCC_PCLK1Config                          0x080007a1   Thumb Code    18  stm32f4xx_rcc.o(i.RCC_PCLK1Config)
    RCC_PCLK2Config                          0x080007b9   Thumb Code    20  stm32f4xx_rcc.o(i.RCC_PCLK2Config)
    RCC_PLLCmd                               0x080007d1   Thumb Code     6  stm32f4xx_rcc.o(i.RCC_PLLCmd)
    RCC_SYSCLKConfig                         0x080007dd   Thumb Code    18  stm32f4xx_rcc.o(i.RCC_SYSCLKConfig)
    RCC_WaitForHSEStartUp                    0x080007f5   Thumb Code    56  stm32f4xx_rcc.o(i.RCC_WaitForHSEStartUp)
    SystemInit                               0x08000919   Thumb Code    88  system_stm32f4xx.o(i.SystemInit)
    _init_box                                0x08000981   Thumb Code    70  rt_membox.o(i._init_box)
    _mutex_acquire                           0x080009c9   Thumb Code    22  rtx_conf_cm.o(i._mutex_acquire)
    _mutex_release                           0x080009e9   Thumb Code    18  rtx_conf_cm.o(i._mutex_release)
    dbg_init                                 0x08000a05   Thumb Code    34  hal_cm.o(i.dbg_init)
    dbg_task_notify                          0x08000a35   Thumb Code    32  hal_cm.o(i.dbg_task_notify)
    dbg_task_switch                          0x08000a55   Thumb Code    16  hal_cm.o(i.dbg_task_switch)
    isrMessageGet                            0x08000a65   Thumb Code    42  rt_cmsis.o(i.isrMessageGet)
    isrMessagePut                            0x08000a8f   Thumb Code    44  rt_cmsis.o(i.isrMessagePut)
    isr_mbx_receive                          0x08000abd   Thumb Code    86  rt_mailbox.o(i.isr_mbx_receive)
    isr_mbx_send                             0x08000b13   Thumb Code    14  rt_mailbox.o(i.isr_mbx_send)
    main                                     0x08000b21   Thumb Code   122  main.o(i.main)
    osKernelInitialize                       0x08000bb1   Thumb Code    30  rt_cmsis.o(i.osKernelInitialize)
    osKernelStart                            0x08000bd5   Thumb Code    98  rt_cmsis.o(i.osKernelStart)
    osMessageGet                             0x08000c41   Thumb Code    18  rt_cmsis.o(i.osMessageGet)
    osThreadCreate                           0x08000c59   Thumb Code    36  rt_cmsis.o(i.osThreadCreate)
    osThreadExit                             0x08000c85   Thumb Code    14  rt_cmsis.o(i.osThreadExit)
    osTimerCall                              0x08000c9d   Thumb Code     8  rt_cmsis.o(i.osTimerCall)
    osTimerThread                            0x08000ca9   Thumb Code    38  rt_cmsis.o(i.osTimerThread)
    os_error                                 0x08000cd5   Thumb Code    34  rtx_conf_cm.o(i.os_error)
    os_idle_demon                            0x08000cf7   Thumb Code     4  rtx_conf_cm.o(i.os_idle_demon)
    os_tick_init                             0x08000cfd   Thumb Code    32  rt_system.o(i.os_tick_init)
    os_tick_irqack                           0x08000d25   Thumb Code     2  rt_system.o(i.os_tick_irqack)
    rt_alloc_box                             0x08000d27   Thumb Code    26  rt_membox.o(i.rt_alloc_box)
    rt_alloc_mem                             0x08000d41   Thumb Code    62  rt_memory.o(i.rt_alloc_mem)
    rt_block                                 0x08000d81   Thumb Code    48  rt_task.o(i.rt_block)
    rt_chk_robin                             0x08000db9   Thumb Code    60  rt_robin.o(i.rt_chk_robin)
    rt_dec_dly                               0x08000e01   Thumb Code   102  rt_list.o(i.rt_dec_dly)
    rt_dispatch                              0x08000e71   Thumb Code    60  rt_task.o(i.rt_dispatch)
    rt_evt_psh                               0x08000eb5   Thumb Code    76  rt_event.o(i.rt_evt_psh)
    rt_free_box                              0x08000f05   Thumb Code    44  rt_membox.o(i.rt_free_box)
    rt_free_mem                              0x08000f31   Thumb Code    40  rt_memory.o(i.rt_free_mem)
    rt_get_first                             0x08000f59   Thumb Code    40  rt_list.o(i.rt_get_first)
    rt_init_mem                              0x08000fd1   Thumb Code    26  rt_memory.o(i.rt_init_mem)
    rt_init_robin                            0x08000fed   Thumb Code    14  rt_robin.o(i.rt_init_robin)
    rt_init_stack                            0x08001005   Thumb Code   118  hal_cm.o(i.rt_init_stack)
    rt_mbx_check                             0x08001085   Thumb Code     8  rt_mailbox.o(i.rt_mbx_check)
    rt_mbx_init                              0x0800108d   Thumb Code    26  rt_mailbox.o(i.rt_mbx_init)
    rt_mbx_psh                               0x080010a9   Thumb Code   236  rt_mailbox.o(i.rt_mbx_psh)
    rt_mbx_wait                              0x08001199   Thumb Code   174  rt_mailbox.o(i.rt_mbx_wait)
    rt_mut_release                           0x08001291   Thumb Code   208  rt_mutex.o(i.rt_mut_release)
    rt_mut_wait                              0x08001369   Thumb Code   114  rt_mutex.o(i.rt_mut_wait)
    rt_pop_req                               0x080013e1   Thumb Code   112  rt_system.o(i.rt_pop_req)
    rt_psh_req                               0x0800145d   Thumb Code    22  rt_system.o(i.rt_psh_req)
    rt_psq_enq                               0x0800147d   Thumb Code    88  rt_list.o(i.rt_psq_enq)
    rt_put_dly                               0x080014d9   Thumb Code    68  rt_list.o(i.rt_put_dly)
    rt_put_prio                              0x08001521   Thumb Code    54  rt_list.o(i.rt_put_prio)
    rt_put_rdy_first                         0x08001559   Thumb Code    14  rt_list.o(i.rt_put_rdy_first)
    rt_resort_prio                           0x0800156d   Thumb Code    46  rt_list.o(i.rt_resort_prio)
    rt_ret_val                               0x080015b1   Thumb Code    12  hal_cm.o(i.rt_ret_val)
    rt_ret_val2                              0x080015bd   Thumb Code    16  hal_cm.o(i.rt_ret_val2)
    rt_rmv_dly                               0x080015cd   Thumb Code    40  rt_list.o(i.rt_rmv_dly)
    rt_rmv_list                              0x080015f5   Thumb Code    44  rt_list.o(i.rt_rmv_list)
    rt_sem_psh                               0x08001625   Thumb Code    48  rt_semaphore.o(i.rt_sem_psh)
    rt_stk_check                             0x08001659   Thumb Code    28  rt_system.o(i.rt_stk_check)
    rt_switch_req                            0x0800167d   Thumb Code    30  rt_task.o(i.rt_switch_req)
    rt_sys_init                              0x080016a5   Thumb Code   138  rt_task.o(i.rt_sys_init)
    rt_sys_start                             0x08001771   Thumb Code   110  rt_task.o(i.rt_sys_start)
    rt_systick                               0x080017e9   Thumb Code    50  rt_system.o(i.rt_systick)
    rt_tsk_create                            0x08001871   Thumb Code   118  rt_task.o(i.rt_tsk_create)
    rt_tsk_delete                            0x080018f9   Thumb Code   352  rt_task.o(i.rt_tsk_delete)
    rt_tsk_prio                              0x08001a75   Thumb Code   108  rt_task.o(i.rt_tsk_prio)
    rt_tsk_self                              0x08001af1   Thumb Code    12  rt_task.o(i.rt_tsk_self)
    svcKernelInitialize                      0x08001b01   Thumb Code    80  rt_cmsis.o(i.svcKernelInitialize)
    svcKernelStart                           0x08001b71   Thumb Code    62  rt_cmsis.o(i.svcKernelStart)
    svcMessageCreate                         0x08001bb9   Thumb Code    36  rt_cmsis.o(i.svcMessageCreate)
    svcMessageGet                            0x08001bdd   Thumb Code    58  rt_cmsis.o(i.svcMessageGet)
    svcThreadCreate                          0x08001c19   Thumb Code    96  rt_cmsis.o(i.svcThreadCreate)
    svcThreadGetId                           0x08001c85   Thumb Code    22  rt_cmsis.o(i.svcThreadGetId)
    svcThreadTerminate                       0x08001ca1   Thumb Code    50  rt_cmsis.o(i.svcThreadTerminate)
    svcTimerCall                             0x08001cd9   Thumb Code    24  rt_cmsis.o(i.svcTimerCall)
    sysTimerTick                             0x08001cf1   Thumb Code    84  rt_cmsis.o(i.sysTimerTick)
    _fp_init                                 0x08001d4d   Thumb Code    10  fpinit.o(x$fpl$fpinit)
    __fplib_config_fpu_vfp                   0x08001d55   Thumb Code     0  fpinit.o(x$fpl$fpinit)
    __fplib_config_pureend_doubles           0x08001d55   Thumb Code     0  fpinit.o(x$fpl$fpinit)
    os_maxtaskrun                            0x08001d58   Data           2  rtx_conf_cm.o(.constdata)
    os_stackinfo                             0x08001d5c   Data           4  rtx_conf_cm.o(.constdata)
    os_rrobin                                0x08001d60   Data           4  rtx_conf_cm.o(.constdata)
    os_tickfreq                              0x08001d64   Data           4  rtx_conf_cm.o(.constdata)
    os_tickus_i                              0x08001d68   Data           2  rtx_conf_cm.o(.constdata)
    os_tickus_f                              0x08001d6a   Data           2  rtx_conf_cm.o(.constdata)
    os_trv                                   0x08001d6c   Data           4  rtx_conf_cm.o(.constdata)
    os_flags                                 0x08001d70   Data           1  rtx_conf_cm.o(.constdata)
    CMSIS_RTOS_API_Version                   0x08001d74   Data           4  rtx_conf_cm.o(.constdata)
    CMSIS_RTOS_RTX_Version                   0x08001d78   Data           4  rtx_conf_cm.o(.constdata)
    os_clockrate                             0x08001d7c   Data           4  rtx_conf_cm.o(.constdata)
    os_timernum                              0x08001d80   Data           4  rtx_conf_cm.o(.constdata)
    mp_tcb_size                              0x08001d84   Data           2  rtx_conf_cm.o(.constdata)
    mp_stk_size                              0x08001d88   Data           4  rtx_conf_cm.o(.constdata)
    os_stack_sz                              0x08001d8c   Data           4  rtx_conf_cm.o(.constdata)
    os_fifo_size                             0x08001d90   Data           1  rtx_conf_cm.o(.constdata)
    os_thread_def_osTimerThread              0x08001d94   Data          16  rtx_conf_cm.o(.constdata)
    os_messageQ_def_osTimerMessageQ          0x08001da4   Data           8  rtx_conf_cm.o(.constdata)
    mp_tmr_size                              0x08001dac   Data           2  rtx_conf_cm.o(.constdata)
    os_thread_def_main                       0x08001db0   Data          16  rtx_conf_cm.o(.constdata)
    Region$$Table$$Base                      0x08001dc0   Number         0  anon$$obj.o(Region$$Table)
    Region$$Table$$Limit                     0x08001de0   Number         0  anon$$obj.o(Region$$Table)
    HSEStartUpStatus                         0x20000000   Data           1  main.o(.data)
    GPIO_InitDef                             0x20000004   Data           8  main.o(.data)
    light                                    0x2000000c   Data           2  main.o(.data)
    blink_delay                              0x2000000e   Data           2  main.o(.data)
    osThreadId_osTimerThread                 0x20000020   Data           4  rtx_conf_cm.o(.data)
    osMessageQId_osTimerMessageQ             0x20000024   Data           4  rtx_conf_cm.o(.data)
    os_tmr                                   0x20000028   Data           4  rtx_conf_cm.o(.data)
    m_tmr                                    0x2000002c   Data           4  rtx_conf_cm.o(.data)
    os_initialized                           0x20000034   Data           1  rt_cmsis.o(.data)
    os_running                               0x20000035   Data           1  rt_cmsis.o(.data)
    os_timer_head                            0x20000038   Data           4  rt_cmsis.o(.data)
    os_tsk                                   0x2000003c   Data           8  rt_task.o(.data)
    os_tick_irqn                             0x20000048   Data           4  rt_system.o(.data)
    os_time                                  0x2000004c   Data           4  rt_time.o(.data)
    os_robin                                 0x20000050   Data           8  rt_robin.o(.data)
    dbg_msg                                  0x20000058   Data           1  hal_cm.o(.data)
    RCC_Clocks                               0x2000005c   Data          16  main.o(.bss)
    mp_tcb                                   0x20000070   Data         376  rtx_conf_cm.o(.bss)
    mp_stk                                   0x200001e8   Data        1216  rtx_conf_cm.o(.bss)
    os_stack_mem                             0x200006a8   Data         432  rtx_conf_cm.o(.bss)
    os_fifo                                  0x20000858   Data         132  rtx_conf_cm.o(.bss)
    os_active_TCB                            0x200008dc   Data          28  rtx_conf_cm.o(.bss)
    os_messageQ_q_osTimerMessageQ            0x200008f8   Data          32  rtx_conf_cm.o(.bss)
    os_idle_TCB                              0x20000c38   Data          52  rt_task.o(.bss)
    os_rdy                                   0x20000c6c   Data          24  rt_list.o(.bss)
    os_dly                                   0x20000c84   Data          24  rt_list.o(.bss)
    __libspace_start                         0x20000c9c   Data          96  libspace.o(.bss)
    __temporary_stack_top$libspace           0x20000cfc   Data           0  libspace.o(.bss)



==============================================================================

Memory Map of the image

  Image Entry point : 0x08000189

  Load Region LR_IROM1 (Base: 0x08000000, Size: 0x00001e3c, Max: 0x00100000, ABSOLUTE)

    Execution Region ER_IROM1 (Exec base: 0x08000000, Load base: 0x08000000, Size: 0x00001de0, Max: 0x00100000, ABSOLUTE)

    Exec Addr    Load Addr    Size         Type   Attr      Idx    E Section Name        Object

    0x08000000   0x08000000   0x00000188   Data   RO          852    RESET               startup_stm32f407xx.o
    0x08000188   0x08000188   0x00000008   Code   RO         2122  * !!!main             c_w.l(__main.o)
    0x08000190   0x08000190   0x00000034   Code   RO         2283    !!!scatter          c_w.l(__scatter.o)
    0x080001c4   0x080001c4   0x0000001a   Code   RO         2285    !!handler_copy      c_w.l(__scatter_copy.o)
    0x080001de   0x080001de   0x00000002   PAD
    0x080001e0   0x080001e0   0x0000001c   Code   RO         2287    !!handler_zi        c_w.l(__scatter_zi.o)
    0x080001fc   0x080001fc   0x00000002   Code   RO         2169    .ARM.Collect$$libinit$$00000000  c_w.l(libinit.o)
    0x080001fe   0x080001fe   0x00000004   Code   RO         2180    .ARM.Collect$$libinit$$00000001  c_w.l(libinit2.o)
    0x08000202   0x08000202   0x00000000   Code   RO         2183    .ARM.Collect$$libinit$$00000004  c_w.l(libinit2.o)
    0x08000202   0x08000202   0x00000000   Code   RO         2186    .ARM.Collect$$libinit$$0000000A  c_w.l(libinit2.o)
    0x08000202   0x08000202   0x00000000   Code   RO         2188    .ARM.Collect$$libinit$$0000000C  c_w.l(libinit2.o)
    0x08000202   0x08000202   0x00000000   Code   RO         2190    .ARM.Collect$$libinit$$0000000E  c_w.l(libinit2.o)
    0x08000202   0x08000202   0x00000000   Code   RO         2193    .ARM.Collect$$libinit$$00000011  c_w.l(libinit2.o)
    0x08000202   0x08000202   0x00000000   Code   RO         2195    .ARM.Collect$$libinit$$00000013  c_w.l(libinit2.o)
    0x08000202   0x08000202   0x00000000   Code   RO         2197    .ARM.Collect$$libinit$$00000015  c_w.l(libinit2.o)
    0x08000202   0x08000202   0x00000000   Code   RO         2199    .ARM.Collect$$libinit$$00000017  c_w.l(libinit2.o)
    0x08000202   0x08000202   0x00000000   Code   RO         2201    .ARM.Collect$$libinit$$00000019  c_w.l(libinit2.o)
    0x08000202   0x08000202   0x00000000   Code   RO         2203    .ARM.Collect$$libinit$$0000001B  c_w.l(libinit2.o)
    0x08000202   0x08000202   0x00000000   Code   RO         2205    .ARM.Collect$$libinit$$0000001D  c_w.l(libinit2.o)
    0x08000202   0x08000202   0x00000000   Code   RO         2207    .ARM.Collect$$libinit$$0000001F  c_w.l(libinit2.o)
    0x08000202   0x08000202   0x00000000   Code   RO         2209    .ARM.Collect$$libinit$$00000021  c_w.l(libinit2.o)
    0x08000202   0x08000202   0x00000000   Code   RO         2211    .ARM.Collect$$libinit$$00000023  c_w.l(libinit2.o)
    0x08000202   0x08000202   0x00000000   Code   RO         2213    .ARM.Collect$$libinit$$00000025  c_w.l(libinit2.o)
    0x08000202   0x08000202   0x00000000   Code   RO         2217    .ARM.Collect$$libinit$$0000002C  c_w.l(libinit2.o)
    0x08000202   0x08000202   0x00000000   Code   RO         2219    .ARM.Collect$$libinit$$0000002E  c_w.l(libinit2.o)
    0x08000202   0x08000202   0x00000000   Code   RO         2221    .ARM.Collect$$libinit$$00000030  c_w.l(libinit2.o)
    0x08000202   0x08000202   0x00000000   Code   RO         2223    .ARM.Collect$$libinit$$00000032  c_w.l(libinit2.o)
    0x08000202   0x08000202   0x00000002   Code   RO         2224    .ARM.Collect$$libinit$$00000033  c_w.l(libinit2.o)
    0x08000204   0x08000204   0x00000002   Code   RO         2170    .ARM.Collect$$libshutdown$$00000000  c_w.l(libshutdown.o)
    0x08000206   0x08000206   0x00000000   Code   RO         2226    .ARM.Collect$$libshutdown$$00000002  c_w.l(libshutdown2.o)
    0x08000206   0x08000206   0x00000000   Code   RO         2228    .ARM.Collect$$libshutdown$$00000004  c_w.l(libshutdown2.o)
    0x08000206   0x08000206   0x00000000   Code   RO         2231    .ARM.Collect$$libshutdown$$00000007  c_w.l(libshutdown2.o)
    0x08000206   0x08000206   0x00000000   Code   RO         2234    .ARM.Collect$$libshutdown$$0000000A  c_w.l(libshutdown2.o)
    0x08000206   0x08000206   0x00000000   Code   RO         2236    .ARM.Collect$$libshutdown$$0000000C  c_w.l(libshutdown2.o)
    0x08000206   0x08000206   0x00000000   Code   RO         2239    .ARM.Collect$$libshutdown$$0000000F  c_w.l(libshutdown2.o)
    0x08000206   0x08000206   0x00000002   Code   RO         2240    .ARM.Collect$$libshutdown$$00000010  c_w.l(libshutdown2.o)
    0x08000208   0x08000208   0x00000000   Code   RO         2124    .ARM.Collect$$rtentry$$00000000  c_w.l(__rtentry.o)
    0x08000208   0x08000208   0x00000000   Code   RO         2132    .ARM.Collect$$rtentry$$00000002  c_w.l(__rtentry2.o)
    0x08000208   0x08000208   0x00000006   Code   RO         2144    .ARM.Collect$$rtentry$$00000004  c_w.l(__rtentry4.o)
    0x0800020e   0x0800020e   0x00000000   Code   RO         2134    .ARM.Collect$$rtentry$$00000009  c_w.l(__rtentry2.o)
    0x0800020e   0x0800020e   0x00000004   Code   RO         2135    .ARM.Collect$$rtentry$$0000000A  c_w.l(__rtentry2.o)
    0x08000212   0x08000212   0x00000008   Code   RO         2136    .ARM.Collect$$rtentry$$0000000B  c_w.l(__rtentry2.o)
    0x0800021a   0x0800021a   0x00000008   Code   RO         2138    .ARM.Collect$$rtentry$$0000000D  c_w.l(__rtentry2.o)
    0x08000222   0x08000222   0x00000002   Code   RO         2125    .ARM.Collect$$rtexit$$00000000  c_w.l(rtexit.o)
    0x08000224   0x08000224   0x00000000   Code   RO         2147    .ARM.Collect$$rtexit$$00000002  c_w.l(rtexit2.o)
    0x08000224   0x08000224   0x00000004   Code   RO         2148    .ARM.Collect$$rtexit$$00000003  c_w.l(rtexit2.o)
    0x08000228   0x08000228   0x00000006   Code   RO         2149    .ARM.Collect$$rtexit$$00000004  c_w.l(rtexit2.o)
    0x0800022e   0x0800022e   0x00000002   PAD
    0x08000230   0x08000230   0x0000001c   Code   RO          789    .emb_text           rtx_conf_cm.o
    0x0800024c   0x0800024c   0x00000198   Code   RO         2098    .emb_text           RTX_CM4.lib(hal_cm4.o)
    0x080003e4   0x080003e4   0x00000040   Code   RO          853    .text               startup_stm32f407xx.o
    0x08000424   0x08000424   0x00000008   Code   RO         2113    .text               c_w.l(libspace.o)
    0x0800042c   0x0800042c   0x00000012   Code   RO         2118    .text               c_w.l(exit.o)
    0x0800043e   0x0800043e   0x00000006   Code   RO         2120    .text               c_w.l(heapauxi.o)
    0x08000444   0x08000444   0x0000000c   Code   RO         2155    .text               c_w.l(sys_exit.o)
    0x08000450   0x08000450   0x0000004a   Code   RO         2157    .text               c_w.l(sys_stackheap_outer.o)
    0x0800049a   0x0800049a   0x00000002   Code   RO         2171    .text               c_w.l(use_no_semi.o)
    0x0800049c   0x0800049c   0x00000000   Code   RO         2173    .text               c_w.l(indicate_semi.o)
    0x0800049c   0x0800049c   0x00000004   Code   RO         2108    SVC_TABLE           RTX_CM4.lib(svc_table.o)
    0x080004a0   0x080004a0   0x0000002c   Code   RO            4    i.Delay_ms          main.o
    0x080004cc   0x080004cc   0x00000090   Code   RO          155    i.GPIO_Init         stm32f4xx_gpio.o
    0x0800055c   0x0800055c   0x00000008   Code   RO          165    i.GPIO_ToggleBits   stm32f4xx_gpio.o
    0x08000564   0x08000564   0x00000020   Code   RO          334    i.RCC_AHB1PeriphClockCmd  stm32f4xx_rcc.o
    0x08000584   0x08000584   0x00000058   Code   RO            5    i.RCC_Configuration  main.o
    0x080005dc   0x080005dc   0x00000064   Code   RO          354    i.RCC_DeInit        stm32f4xx_rcc.o
    0x08000640   0x08000640   0x000000e8   Code   RO          355    i.RCC_GetClocksFreq  stm32f4xx_rcc.o
    0x08000728   0x08000728   0x00000040   Code   RO          356    i.RCC_GetFlagStatus  stm32f4xx_rcc.o
    0x08000768   0x08000768   0x00000010   Code   RO          358    i.RCC_GetSYSCLKSource  stm32f4xx_rcc.o
    0x08000778   0x08000778   0x00000018   Code   RO          359    i.RCC_HCLKConfig    stm32f4xx_rcc.o
    0x08000790   0x08000790   0x00000010   Code   RO          360    i.RCC_HSEConfig     stm32f4xx_rcc.o
    0x080007a0   0x080007a0   0x00000018   Code   RO          369    i.RCC_PCLK1Config   stm32f4xx_rcc.o
    0x080007b8   0x080007b8   0x00000018   Code   RO          370    i.RCC_PCLK2Config   stm32f4xx_rcc.o
    0x080007d0   0x080007d0   0x0000000c   Code   RO          371    i.RCC_PLLCmd        stm32f4xx_rcc.o
    0x080007dc   0x080007dc   0x00000018   Code   RO          383    i.RCC_SYSCLKConfig  stm32f4xx_rcc.o
    0x080007f4   0x080007f4   0x00000038   Code   RO          385    i.RCC_WaitForHSEStartUp  stm32f4xx_rcc.o
    0x0800082c   0x0800082c   0x000000ec   Code   RO          860    i.SetSysClock       system_stm32f4xx.o
    0x08000918   0x08000918   0x00000068   Code   RO          862    i.SystemInit        system_stm32f4xx.o
    0x08000980   0x08000980   0x00000046   Code   RO         1992    i._init_box         RTX_CM4.lib(rt_membox.o)
    0x080009c6   0x080009c6   0x00000002   PAD
    0x080009c8   0x080009c8   0x00000020   Code   RO          791    i._mutex_acquire    rtx_conf_cm.o
    0x080009e8   0x080009e8   0x0000001c   Code   RO          793    i._mutex_release    rtx_conf_cm.o
    0x08000a04   0x08000a04   0x00000030   Code   RO         2045    i.dbg_init          RTX_CM4.lib(hal_cm.o)
    0x08000a34   0x08000a34   0x00000020   Code   RO         2046    i.dbg_task_notify   RTX_CM4.lib(hal_cm.o)
    0x08000a54   0x08000a54   0x00000010   Code   RO         2047    i.dbg_task_switch   RTX_CM4.lib(hal_cm.o)
    0x08000a64   0x08000a64   0x0000002a   Code   RO          901    i.isrMessageGet     RTX_CM4.lib(rt_cmsis.o)
    0x08000a8e   0x08000a8e   0x0000002c   Code   RO          902    i.isrMessagePut     RTX_CM4.lib(rt_cmsis.o)
    0x08000aba   0x08000aba   0x00000002   PAD
    0x08000abc   0x08000abc   0x00000056   Code   RO         1847    i.isr_mbx_receive   RTX_CM4.lib(rt_mailbox.o)
    0x08000b12   0x08000b12   0x0000000e   Code   RO         1848    i.isr_mbx_send      RTX_CM4.lib(rt_mailbox.o)
    0x08000b20   0x08000b20   0x00000090   Code   RO            6    i.main              main.o
    0x08000bb0   0x08000bb0   0x00000024   Code   RO          906    i.osKernelInitialize  RTX_CM4.lib(rt_cmsis.o)
    0x08000bd4   0x08000bd4   0x0000006c   Code   RO          908    i.osKernelStart     RTX_CM4.lib(rt_cmsis.o)
    0x08000c40   0x08000c40   0x00000018   Code   RO          917    i.osMessageGet      RTX_CM4.lib(rt_cmsis.o)
    0x08000c58   0x08000c58   0x0000002c   Code   RO          934    i.osThreadCreate    RTX_CM4.lib(rt_cmsis.o)
    0x08000c84   0x08000c84   0x00000018   Code   RO          935    i.osThreadExit      RTX_CM4.lib(rt_cmsis.o)
    0x08000c9c   0x08000c9c   0x0000000c   Code   RO          941    i.osTimerCall       RTX_CM4.lib(rt_cmsis.o)
    0x08000ca8   0x08000ca8   0x0000002c   Code   RO          946    i.osTimerThread     RTX_CM4.lib(rt_cmsis.o)
    0x08000cd4   0x08000cd4   0x00000022   Code   RO          794    i.os_error          rtx_conf_cm.o
    0x08000cf6   0x08000cf6   0x00000004   Code   RO          795    i.os_idle_demon     rtx_conf_cm.o
    0x08000cfa   0x08000cfa   0x00000002   PAD
    0x08000cfc   0x08000cfc   0x00000028   Code   RO         1639    i.os_tick_init      RTX_CM4.lib(rt_system.o)
    0x08000d24   0x08000d24   0x00000002   Code   RO         1640    i.os_tick_irqack    RTX_CM4.lib(rt_system.o)
    0x08000d26   0x08000d26   0x0000001a   Code   RO         1993    i.rt_alloc_box      RTX_CM4.lib(rt_membox.o)
    0x08000d40   0x08000d40   0x0000003e   Code   RO         2021    i.rt_alloc_mem      RTX_CM4.lib(rt_memory.o)
    0x08000d7e   0x08000d7e   0x00000002   PAD
    0x08000d80   0x08000d80   0x00000038   Code   RO         1520    i.rt_block          RTX_CM4.lib(rt_task.o)
    0x08000db8   0x08000db8   0x00000048   Code   RO         1970    i.rt_chk_robin      RTX_CM4.lib(rt_robin.o)
    0x08000e00   0x08000e00   0x00000070   Code   RO         1771    i.rt_dec_dly        RTX_CM4.lib(rt_list.o)
    0x08000e70   0x08000e70   0x00000044   Code   RO         1521    i.rt_dispatch       RTX_CM4.lib(rt_task.o)
    0x08000eb4   0x08000eb4   0x00000050   Code   RO         1732    i.rt_evt_psh        RTX_CM4.lib(rt_event.o)
    0x08000f04   0x08000f04   0x0000002c   Code   RO         1994    i.rt_free_box       RTX_CM4.lib(rt_membox.o)
    0x08000f30   0x08000f30   0x00000028   Code   RO         2022    i.rt_free_mem       RTX_CM4.lib(rt_memory.o)
    0x08000f58   0x08000f58   0x00000028   Code   RO         1772    i.rt_get_first      RTX_CM4.lib(rt_list.o)
    0x08000f80   0x08000f80   0x00000008   Code   RO          951    i.rt_id2obj         RTX_CM4.lib(rt_cmsis.o)
    0x08000f88   0x08000f88   0x00000048   Code   RO         1522    i.rt_init_context   RTX_CM4.lib(rt_task.o)
    0x08000fd0   0x08000fd0   0x0000001a   Code   RO         2023    i.rt_init_mem       RTX_CM4.lib(rt_memory.o)
    0x08000fea   0x08000fea   0x00000002   PAD
    0x08000fec   0x08000fec   0x00000018   Code   RO         1971    i.rt_init_robin     RTX_CM4.lib(rt_robin.o)
    0x08001004   0x08001004   0x00000080   Code   RO         2048    i.rt_init_stack     RTX_CM4.lib(hal_cm.o)
    0x08001084   0x08001084   0x00000008   Code   RO         1849    i.rt_mbx_check      RTX_CM4.lib(rt_mailbox.o)
    0x0800108c   0x0800108c   0x0000001a   Code   RO         1850    i.rt_mbx_init       RTX_CM4.lib(rt_mailbox.o)
    0x080010a6   0x080010a6   0x00000002   PAD
    0x080010a8   0x080010a8   0x000000f0   Code   RO         1851    i.rt_mbx_psh        RTX_CM4.lib(rt_mailbox.o)
    0x08001198   0x08001198   0x000000b4   Code   RO         1853    i.rt_mbx_wait       RTX_CM4.lib(rt_mailbox.o)
    0x0800124c   0x0800124c   0x00000044   Code   RO          952    i.rt_ms2tick        RTX_CM4.lib(rt_cmsis.o)
    0x08001290   0x08001290   0x000000d8   Code   RO         1606    i.rt_mut_release    RTX_CM4.lib(rt_mutex.o)
    0x08001368   0x08001368   0x00000078   Code   RO         1607    i.rt_mut_wait       RTX_CM4.lib(rt_mutex.o)
    0x080013e0   0x080013e0   0x0000007c   Code   RO         1643    i.rt_pop_req        RTX_CM4.lib(rt_system.o)
    0x0800145c   0x0800145c   0x00000020   Code   RO         1644    i.rt_psh_req        RTX_CM4.lib(rt_system.o)
    0x0800147c   0x0800147c   0x0000005c   Code   RO         1774    i.rt_psq_enq        RTX_CM4.lib(rt_list.o)
    0x080014d8   0x080014d8   0x00000048   Code   RO         1775    i.rt_put_dly        RTX_CM4.lib(rt_list.o)
    0x08001520   0x08001520   0x00000036   Code   RO         1776    i.rt_put_prio       RTX_CM4.lib(rt_list.o)
    0x08001556   0x08001556   0x00000002   PAD
    0x08001558   0x08001558   0x00000014   Code   RO         1777    i.rt_put_rdy_first  RTX_CM4.lib(rt_list.o)
    0x0800156c   0x0800156c   0x00000034   Code   RO         1778    i.rt_resort_prio    RTX_CM4.lib(rt_list.o)
    0x080015a0   0x080015a0   0x00000010   Code   RO         2049    i.rt_ret_regs       RTX_CM4.lib(hal_cm.o)
    0x080015b0   0x080015b0   0x0000000c   Code   RO         2050    i.rt_ret_val        RTX_CM4.lib(hal_cm.o)
    0x080015bc   0x080015bc   0x00000010   Code   RO         2051    i.rt_ret_val2       RTX_CM4.lib(hal_cm.o)
    0x080015cc   0x080015cc   0x00000028   Code   RO         1779    i.rt_rmv_dly        RTX_CM4.lib(rt_list.o)
    0x080015f4   0x080015f4   0x00000030   Code   RO         1780    i.rt_rmv_list       RTX_CM4.lib(rt_list.o)
    0x08001624   0x08001624   0x00000034   Code   RO         1898    i.rt_sem_psh        RTX_CM4.lib(rt_semaphore.o)
    0x08001658   0x08001658   0x00000024   Code   RO         1646    i.rt_stk_check      RTX_CM4.lib(rt_system.o)
    0x0800167c   0x0800167c   0x00000028   Code   RO         1523    i.rt_switch_req     RTX_CM4.lib(rt_task.o)
    0x080016a4   0x080016a4   0x000000cc   Code   RO         1524    i.rt_sys_init       RTX_CM4.lib(rt_task.o)
    0x08001770   0x08001770   0x00000078   Code   RO         1525    i.rt_sys_start      RTX_CM4.lib(rt_task.o)
    0x080017e8   0x080017e8   0x00000040   Code   RO         1648    i.rt_systick        RTX_CM4.lib(rt_system.o)
    0x08001828   0x08001828   0x00000012   Code   RO          953    i.rt_tid2ptcb       RTX_CM4.lib(rt_cmsis.o)
    0x0800183a   0x0800183a   0x00000002   PAD
    0x0800183c   0x0800183c   0x00000034   Code   RO          954    i.rt_timer_insert   RTX_CM4.lib(rt_cmsis.o)
    0x08001870   0x08001870   0x00000088   Code   RO         1526    i.rt_tsk_create     RTX_CM4.lib(rt_task.o)
    0x080018f8   0x080018f8   0x0000017c   Code   RO         1527    i.rt_tsk_delete     RTX_CM4.lib(rt_task.o)
    0x08001a74   0x08001a74   0x0000007c   Code   RO         1529    i.rt_tsk_prio       RTX_CM4.lib(rt_task.o)
    0x08001af0   0x08001af0   0x00000010   Code   RO         1530    i.rt_tsk_self       RTX_CM4.lib(rt_task.o)
    0x08001b00   0x08001b00   0x00000070   Code   RO          957    i.svcKernelInitialize  RTX_CM4.lib(rt_cmsis.o)
    0x08001b70   0x08001b70   0x00000048   Code   RO          959    i.svcKernelStart    RTX_CM4.lib(rt_cmsis.o)
    0x08001bb8   0x08001bb8   0x00000024   Code   RO          962    i.svcMessageCreate  RTX_CM4.lib(rt_cmsis.o)
    0x08001bdc   0x08001bdc   0x0000003a   Code   RO          963    i.svcMessageGet     RTX_CM4.lib(rt_cmsis.o)
    0x08001c16   0x08001c16   0x00000002   PAD
    0x08001c18   0x08001c18   0x0000006c   Code   RO          977    i.svcThreadCreate   RTX_CM4.lib(rt_cmsis.o)
    0x08001c84   0x08001c84   0x0000001c   Code   RO          978    i.svcThreadGetId    RTX_CM4.lib(rt_cmsis.o)
    0x08001ca0   0x08001ca0   0x00000038   Code   RO          981    i.svcThreadTerminate  RTX_CM4.lib(rt_cmsis.o)
    0x08001cd8   0x08001cd8   0x00000018   Code   RO          983    i.svcTimerCall      RTX_CM4.lib(rt_cmsis.o)
    0x08001cf0   0x08001cf0   0x0000005c   Code   RO          992    i.sysTimerTick      RTX_CM4.lib(rt_cmsis.o)
    0x08001d4c   0x08001d4c   0x0000000a   Code   RO         2247    x$fpl$fpinit        fz_wm.l(fpinit.o)
    0x08001d56   0x08001d56   0x00000002   PAD
    0x08001d58   0x08001d58   0x00000068   Data   RO          797    .constdata          rtx_conf_cm.o
    0x08001dc0   0x08001dc0   0x00000020   Data   RO         2281    Region$$Table       anon$$obj.o


    Execution Region RW_IRAM1 (Exec base: 0x20000000, Load base: 0x08001de0, Size: 0x00001300, Max: 0x00020000, ABSOLUTE)

    Exec Addr    Load Addr    Size         Type   Attr      Idx    E Section Name        Object

    0x20000000   0x08001de0   0x00000010   Data   RW            8    .data               main.o
    0x20000010   0x08001df0   0x00000010   Data   RW          386    .data               stm32f4xx_rcc.o
    0x20000020   0x08001e00   0x00000014   Data   RW          798    .data               rtx_conf_cm.o
    0x20000034   0x08001e14   0x00000008   Data   RW          995    .data               RTX_CM4.lib(rt_cmsis.o)
    0x2000003c   0x08001e1c   0x00000008   Data   RW         1532    .data               RTX_CM4.lib(rt_task.o)
    0x20000044   0x08001e24   0x00000008   Data   RW         1651    .data               RTX_CM4.lib(rt_system.o)
    0x2000004c   0x08001e2c   0x00000004   Data   RW         1941    .data               RTX_CM4.lib(rt_time.o)
    0x20000050   0x08001e30   0x00000008   Data   RW         1972    .data               RTX_CM4.lib(rt_robin.o)
    0x20000058   0x08001e38   0x00000001   Data   RW         2052    .data               RTX_CM4.lib(hal_cm.o)
    0x20000059   0x08001e39   0x00000003   PAD
    0x2000005c        -       0x00000010   Zero   RW            7    .bss                main.o
    0x2000006c   0x08001e39   0x00000004   PAD
    0x20000070        -       0x00000bc8   Zero   RW          796    .bss                rtx_conf_cm.o
    0x20000c38        -       0x00000034   Zero   RW         1531    .bss                RTX_CM4.lib(rt_task.o)
    0x20000c6c        -       0x00000030   Zero   RW         1781    .bss                RTX_CM4.lib(rt_list.o)
    0x20000c9c        -       0x00000060   Zero   RW         2114    .bss                c_w.l(libspace.o)
    0x20000cfc   0x08001e39   0x00000004   PAD
    0x20000d00        -       0x00000200   Zero   RW          851    HEAP                startup_stm32f407xx.o
    0x20000f00        -       0x00000400   Zero   RW          850    STACK               startup_stm32f407xx.o


==============================================================================

Image component sizes


      Code (inc. data)   RO Data    RW Data    ZI Data      Debug   Object Name

       276         28          0         16         16     256279   main.o
       126         26        104         20       3016       9567   rtx_conf_cm.o
        64         26        392          0       1536        896   startup_stm32f407xx.o
       152          0          0          0          0       8798   stm32f4xx_gpio.o
       624         84          0         16          0      25237   stm32f4xx_rcc.o
       340         32          0          0          0       1749   system_stm32f4xx.o

    ----------------------------------------------------------------------
      1584        196        528         52       4572     302526   Object Totals
         0          0         32          0          0          0   (incl. Generated)
         2          0          0          0          4          0   (incl. Padding)

    ----------------------------------------------------------------------

      Code (inc. data)   RO Data    RW Data    ZI Data      Debug   Library Member Name

       268         24          0          1          0       4524   hal_cm.o
       408         34          0          0          0        824   hal_cm4.o
      1110        138          0          8          0      34453   rt_cmsis.o
        80          4          0          0          0        709   rt_event.o
       530         34          0          0         48       8685   rt_list.o
       554         10          0          0          0       4237   rt_mailbox.o
       140          0          0          0          0       2069   rt_membox.o
       128          0          0          0          0       2451   rt_memory.o
       336         14          0          0          0       1739   rt_mutex.o
        96         22          0          8          0       1254   rt_robin.o
        52          4          0          0          0        621   rt_semaphore.o
       298         52          0          8          0       6511   rt_system.o
      1216        174          0          8         52      10129   rt_task.o
         0          0          0          4          0        214   rt_time.o
         4          4          0          0          0        208   svc_table.o
         8          0          0          0          0         68   __main.o
         0          0          0          0          0          0   __rtentry.o
        20          0          0          0          0          0   __rtentry2.o
         6          0          0          0          0          0   __rtentry4.o
        52          8          0          0          0          0   __scatter.o
        26          0          0          0          0          0   __scatter_copy.o
        28          0          0          0          0          0   __scatter_zi.o
        18          0          0          0          0         80   exit.o
         6          0          0          0          0        152   heapauxi.o
         0          0          0          0          0          0   indicate_semi.o
         2          0          0          0          0          0   libinit.o
         6          0          0          0          0          0   libinit2.o
         2          0          0          0          0          0   libshutdown.o
         2          0          0          0          0          0   libshutdown2.o
         8          4          0          0         96         68   libspace.o
         2          0          0          0          0          0   rtexit.o
        10          0          0          0          0          0   rtexit2.o
        12          4          0          0          0         68   sys_exit.o
        74          0          0          0          0         80   sys_stackheap_outer.o
         2          0          0          0          0         68   use_no_semi.o
        10          0          0          0          0        116   fpinit.o

    ----------------------------------------------------------------------
      5536        530          0         40        200      79328   Library Totals
        22          0          0          3          4          0   (incl. Padding)

    ----------------------------------------------------------------------

      Code (inc. data)   RO Data    RW Data    ZI Data      Debug   Library Name

      5220        514          0         37        100      78628   RTX_CM4.lib
       284         16          0          0         96        584   c_w.l
        10          0          0          0          0        116   fz_wm.l

    ----------------------------------------------------------------------
      5536        530          0         40        200      79328   Library Totals

    ----------------------------------------------------------------------

==============================================================================


      Code (inc. data)   RO Data    RW Data    ZI Data      Debug   

      7120        726        528         92       4772     372998   Grand Totals
      7120        726        528         92       4772     372998   ELF Image Totals
      7120        726        528         92          0          0   ROM Totals

==============================================================================

    Total RO  Size (Code + RO Data)                 7648 (   7.47kB)
    Total RW  Size (RW Data + ZI Data)              4864 (   4.75kB)
    Total ROM Size (Code + RO Data + RW Data)       7740 (   7.56kB)

==============================================================================

